2026-05-21 23:45:07,953 INFO [PROXY_STATE] loaded 16 entries
2026-05-21 23:45:07,954 INFO [FORWARDER] 127.0.0.1:24000 → brd.superproxy.io:33335 (exit_ip=31.105.133.83)
2026-05-21 23:45:07,954 INFO [FORWARDER] started 1 listeners
2026-05-21 23:45:07,954 INFO [MULTI_SESSION] launching 1 persistent Chromes (stagger=5s, gap≈5.0s/session)
2026-05-21 23:45:07,955 INFO starting
	executable :C:\Program Files\Google\Chrome\Application\chrome.exe

arguments:
--remote-allow-origins=*
	--no-first-run
	--no-service-autorun
	--no-default-browser-check
	--homepage=about:blank
	--no-pings
	--password-store=basic
	--disable-infobars
	--disable-breakpad
	--disable-component-update
	--disable-backgrounding-occluded-windows
	--disable-renderer-backgrounding
	--disable-background-networking
	--disable-dev-shm-usage
	--disable-features=IsolateOrigins,DisableLoadExtensionCommandLineSwitch,site-per-process
	--disable-session-crashed-bubble
	--disable-search-engine-choice-screen
	--user-data-dir=C:\Users\elric\Desktop\testScraper\state\session_profiles\s1
	--disable-features=IsolateOrigins,site-per-process
	--disable-session-crashed-bubble
	--proxy-server=127.0.0.1:24000
	--window-size=1024,768
	--disable-extensions
	--disable-default-apps
	--disable-sync
	--no-experiments
	--metrics-recording-only
	--safebrowsing-disable-auto-update
	--disable-client-side-phishing-detection
	--disable-domain-reliability
	--disable-features=IsolateOrigins,site-per-process,OptimizationHints,Translate,MediaRouter,DialMediaRouteProvider,InterestFeedV2,CalculateNativeWinOcclusion,AccountConsistency,SafeBrowsingEnhancedProtectionMessageInInterstitials
	--remote-debugging-host=127.0.0.1
	--remote-debugging-port=54216
	--webrtc-ip-handling-policy=disable_non_proxied_udp
	--force-webrtc-ip-handling-policy
	about:blank
2026-05-21 23:45:08,988 INFO enabling autodiscover targets
2026-05-21 23:45:17,896 INFO [MULTI_SESSION] s1 (31.105.133.83) ready cookies=11 visitor_id=019E2403... (9.9s)
2026-05-21 23:45:17,900 INFO [MULTI_SESSION] started — 1/1 sessions ready, dispatcher cleared to begin sweeping
2026-05-21 23:45:17,900 INFO [STOCK] started: sweeps/sec=2.0 behavioral_mix=0.00 tcins=3 proxies=1
[PROXY] Loaded 16 proxies — rate: 1.07 checks/sec
2026-05-21 23:45:47,909 INFO [STOCK STATS] t=30.0s sweeps=59 (1.97/s) 200=59 403=0 other=0 beh=0 outstanding=0 sessions=1r/0c/0rc pool A=16 P=0 B=0
2026-05-21 23:46:21,058 INFO [MULTI_SESSION] stopped
2026-05-21 23:46:21,061 INFO [STOCK] stopped

======================================================================
[VERIFY 94300069]
  94300069      http=0    avail=UNKNOWN        title=(none)  --> NOT IN TARGET CATALOG (delisted/invalid)
  94300067      http=200  avail=OUT_OF_STOCK   title=Pokémon Trading Card Game: Scarlet & Violet— Destined Rivals Booster Bundle
  50270379      http=200  avail=IN_STOCK       title=Extra Sugar-Free Polar Ice Mint Chewing Gum - 35ct
