[VERIFY] testing 2 proxies: 31.105.153.101 (problem) + 31.105.133.83 (control)
2026-05-22 00:16:19,717 INFO [FORWARDER] 127.0.0.1:22000 → brd.superproxy.io:33335 (exit_ip=31.105.133.83)
2026-05-22 00:16:19,717 INFO [FORWARDER] 127.0.0.1:22001 → brd.superproxy.io:33335 (exit_ip=31.105.153.101)
2026-05-22 00:16:19,717 INFO [FORWARDER] started 2 listeners
2026-05-22 00:16:19,717 INFO [MULTI_SESSION] launching 2 persistent Chromes (stagger=10s, gap≈5.0s/session)
2026-05-22 00:16:19,718 INFO starting
	executable :C:\Program Files\Google\Chrome\Application\chrome.exe

arguments:
--remote-allow-origins=*
	--no-first-run
	--no-service-autorun
	--no-default-browser-check
	--homepage=about:blank
	--no-pings
	--password-store=basic
	--disable-infobars
	--disable-breakpad
	--disable-component-update
	--disable-backgrounding-occluded-windows
	--disable-renderer-backgrounding
	--disable-background-networking
	--disable-dev-shm-usage
	--disable-features=IsolateOrigins,DisableLoadExtensionCommandLineSwitch,site-per-process
	--disable-session-crashed-bubble
	--disable-search-engine-choice-screen
	--user-data-dir=C:\Users\elric\Desktop\testScraper\state\session_profiles\s1
	--disable-features=IsolateOrigins,site-per-process
	--disable-session-crashed-bubble
	--proxy-server=127.0.0.1:22000
	--window-size=1024,768
	--disable-extensions
	--disable-default-apps
	--disable-sync
	--no-experiments
	--metrics-recording-only
	--safebrowsing-disable-auto-update
	--disable-client-side-phishing-detection
	--disable-domain-reliability
	--disable-features=IsolateOrigins,site-per-process,OptimizationHints,Translate,MediaRouter,DialMediaRouteProvider,InterestFeedV2,CalculateNativeWinOcclusion,AccountConsistency,SafeBrowsingEnhancedProtectionMessageInInterstitials
	--remote-debugging-host=127.0.0.1
	--remote-debugging-port=53213
	--webrtc-ip-handling-policy=disable_non_proxied_udp
	--force-webrtc-ip-handling-policy
	about:blank
2026-05-22 00:16:20,738 INFO enabling autodiscover targets
2026-05-22 00:16:29,507 INFO [MULTI_SESSION] s1 (31.105.133.83) ready cookies=11 visitor_id=019E2403... (9.8s)
2026-05-22 00:16:34,668 INFO starting
	executable :C:\Program Files\Google\Chrome\Application\chrome.exe

arguments:
--remote-allow-origins=*
	--no-first-run
	--no-service-autorun
	--no-default-browser-check
	--homepage=about:blank
	--no-pings
	--password-store=basic
	--disable-infobars
	--disable-breakpad
	--disable-component-update
	--disable-backgrounding-occluded-windows
	--disable-renderer-backgrounding
	--disable-background-networking
	--disable-dev-shm-usage
	--disable-features=IsolateOrigins,DisableLoadExtensionCommandLineSwitch,site-per-process
	--disable-session-crashed-bubble
	--disable-search-engine-choice-screen
	--user-data-dir=C:\Users\elric\Desktop\testScraper\state\session_profiles\s2
	--disable-features=IsolateOrigins,site-per-process
	--disable-session-crashed-bubble
	--proxy-server=127.0.0.1:22001
	--window-size=1024,768
	--disable-extensions
	--disable-default-apps
	--disable-sync
	--no-experiments
	--metrics-recording-only
	--safebrowsing-disable-auto-update
	--disable-client-side-phishing-detection
	--disable-domain-reliability
	--disable-features=IsolateOrigins,site-per-process,OptimizationHints,Translate,MediaRouter,DialMediaRouteProvider,InterestFeedV2,CalculateNativeWinOcclusion,AccountConsistency,SafeBrowsingEnhancedProtectionMessageInInterstitials
	--remote-debugging-host=127.0.0.1
	--remote-debugging-port=63678
	--webrtc-ip-handling-policy=disable_non_proxied_udp
	--force-webrtc-ip-handling-policy
	about:blank
2026-05-22 00:16:35,691 INFO enabling autodiscover targets
2026-05-22 00:17:03,306 INFO [MULTI_SESSION] s2 (31.105.153.101) ready cookies=10 visitor_id=019E2403... (28.6s)
2026-05-22 00:17:03,310 INFO [MULTI_SESSION] started — 2/2 sessions ready, dispatcher cleared to begin sweeping

================================================================
[RESULT]
  s1   31.105.133.83     [control] state=ready     cookies=11  visitor_id=set  -> PASS (ready, cookies harvested)
  s2   31.105.153.101    [PROBLEM] state=ready     cookies=10  visitor_id=set  -> PASS (ready, cookies harvested)
================================================================
OVERALL: PASS
2026-05-22 00:17:06,483 INFO [MULTI_SESSION] stopped
