================================================================================
[PURCHASE_TRIGGER] Product IN STOCK: Pokémon Trading Card Game : Charizard X ex Ultra-Premium Collection (TCIN: 94681790)
[PURCHASE_LOG] Saving to: C:\Users\Anuraj\Desktop\testScraper\logs\purchases\purchase_94681790_20260515_035025.log
================================================================================
[PURCHASE_MODE] ✅ [REAL] Using REAL browser automation for 94681790
[PURCHASE] Starting REAL purchase: Pokémon Trading Card Game : Charizard X ex Ultra-Premium Collection (TCIN: 94681790) - status: attempting
[REALTIME] 94681790 status changed to: attempting
[PURCHASE] Dashboard notified immediately: 94681790 -> attempting
[REAL_PURCHASE_THREAD] [INIT] Starting async purchase execution for 94681790
[PURCHASE] CRITICAL RULE: 94681790 IN STOCK + ready -> attempting (60s)
[DISPATCH] 94681790 → W1/primary
[SESSION] Purchase in progress - validation paused
[PURCHASE] cdp_continued_ids cleared for new purchase (94681790, qty=1)
[PURCHASE] Starting purchase for 94681790
[REALTIME] 94681790 status changed to: attempting
[INTERCEPTOR:main] cdp.fetch.enable() sent with pattern *carts.target.com* + checkout RESPONSE (attempt 1)
[INTERCEPTOR:main] Added cdp.fetch to enabled_domains
[INTERCEPTOR:main] CDP fetch interceptor ready (total RequestPaused handlers on tab: 1)
[SESSION_REUSE] Tab starting from: https://www.target.com/p/-/A-95093982
[PURCHASE] Navigating to https://www.target.com/p/-/A-94681790 (PDP qty unknown)
[PURCHASE] Navigation returned in 0.77s
[PURCHASE] purchase_limit from PDP fallback: 2 (was qty=1, lookup 0.00s)
[SHAPE_RING] Consumed fresh capture (ts age=774.1s, 1 unused remaining of 4)
[PURCHASE] Shape headers approaching TTL (age=774s) — refreshing warmup tab
[WARMUP] Navigating warmup tab to cart (was at https://www.target.com/cart, age=775s)
[INTERCEPTOR:warmup] GET https://carts.target.com/web_checkouts/v1/lite_carts?cart_type=REGULAR&key=e59ce — skipping cache (not POST, has 9 headers, 1 X-headers)
[INTERCEPTOR:warmup]   cache preserved: 16 headers, 7 Shape tokens, age=774.4s
[INTERCEPTOR:main] GET https://carts.target.com/web_checkouts/v1/cart?cart_type=REGULAR&field_groups=AD — skipping cache (not POST, has 9 headers, 1 X-headers)
[INTERCEPTOR:main]   cache preserved: 16 headers, 7 Shape tokens, age=774.6s
[INTERCEPTOR:warmup] PUT https://carts.target.com/web_checkouts/v1/cart?cart_type=REGULAR&field_groups=AD — skipping cache (not POST, has 10 headers, 1 X-headers)
[INTERCEPTOR:warmup]   cache preserved: 16 headers, 7 Shape tokens, age=774.7s
[WARMUP] Firing dummy POST to trigger Shape header capture...
[WARMUP] Waiting for carts.target.com POST interception (up to 1.5s)...
[INTERCEPTOR:warmup]  POST https://carts.target.com/web_checkouts/v1/cart_items?field_groups=CART,CART_ITEM
[INTERCEPTOR:warmup] Captured 15 headers (Shape tokens: 6, prev cache had 6): ['Accept', 'Content-Type', 'Cookie', 'Origin', 'Referer', 'User-Agent', 'X-GyJwza5Z-a', 'X-GyJwza5Z-b', 'X-GyJwza5Z-c', 'X-GyJwza5Z-d', 'X-GyJwza5Z-f', 'X-GyJwza5Z-z', 'sec-ch-ua', 'sec-ch-ua-mobile', 'sec-ch-ua-platform']
[WARMUP] Shape headers captured successfully (age=0.1s): ['Accept', 'Content-Type', 'Cookie', 'Origin', 'Referer', 'User-Agent', 'X-GyJwza5Z-a', 'X-GyJwza5Z-b', 'X-GyJwza5Z-c', 'X-GyJwza5Z-d', 'X-GyJwza5Z-f', 'X-GyJwza5Z-z', 'sec-ch-ua', 'sec-ch-ua-mobile', 'sec-ch-ua-platform']
[SHAPE_RING] Consumed fresh capture (ts age=0.1s, 0 unused remaining of 4)
[PURCHASE] Warmup refresh complete, new headers age=0s
[PURCHASE] Injecting Shape headers (age=0s): ['Accept', 'Content-Type', 'Origin', 'User-Agent', 'X-GyJwza5Z-a', 'X-GyJwza5Z-b', 'X-GyJwza5Z-c', 'X-GyJwza5Z-d', 'X-GyJwza5Z-f', 'X-GyJwza5Z-z', 'sec-ch-ua', 'sec-ch-ua-mobile', 'sec-ch-ua-platform', 'x-application-name']
[PURCHASE] Firing ATC fetch qty=2 (t=1.63s)
[INTERCEPTOR:main]  POST https://carts.target.com/web_checkouts/v1/cart_items?field_groups=CART,CART_ITEM
[INTERCEPTOR:main] Captured 16 headers (Shape tokens: 6, prev cache had 6): ['Accept', 'Content-Type', 'Cookie', 'Origin', 'Referer', 'User-Agent', 'X-GyJwza5Z-a', 'X-GyJwza5Z-b', 'X-GyJwza5Z-c', 'X-GyJwza5Z-d', 'X-GyJwza5Z-f', 'X-GyJwza5Z-z', 'sec-ch-ua', 'sec-ch-ua-mobile', 'sec-ch-ua-platform', 'x-application-name']
[INTERCEPTOR:warmup] GET https://carts.target.com/web_checkouts/v1/cart_views?cart_type=SFL&field_groups= — skipping cache (not POST, has 9 headers, 1 X-headers)
[INTERCEPTOR:warmup]   cache preserved: 16 headers, 7 Shape tokens, age=0.1s
[PURCHASE] ATC fetch evaluate timed out after 8s — CDP wedged, aborting purchase
[PURCHASE] CDP fetch interceptor disabled (cleanup) — all RequestPaused handlers removed
[REAL_PURCHASE_THREAD] [OK] Purchase execution completed: {'success': False, 'tcin': '94681790', 'reason': 'atc_evaluate_timeout', 'execution_time': 9.622920751571655}
[REAL_PURCHASE_THREAD] Marked thread as completing: 94681790
[PURCHASE]  REAL purchase failed: 94681790 - atc_evaluate_timeout
[REALTIME] 94681790 status changed to: failed
[03:50:35] [PURCHASE] Purchase failed: Pokémon Trading Card Game : Charizard X ex Ultra-Premium Collection - atc_evaluate_timeout
[REAL_PURCHASE_THREAD] ✅ State updated atomically, safe for next cycle
[SESSION] Purchase complete - validation resumed
[REAL_PURCHASE_THREAD] Removing 94681790 from active purchases
