================================================================================
[PURCHASE_TRIGGER] Product IN STOCK: Extra Sugar-Free Polar Ice Mint Chewing Gum - 35ct (TCIN: 50270379)
[PURCHASE_LOG] Saving to: C:\Users\elric\Desktop\testScraper\logs\purchases\purchase_50270379_20260506_194447.log
================================================================================
[PURCHASE_MODE] ✅ [REAL] Using REAL browser automation for 50270379
[PURCHASE] Starting REAL purchase: Extra Sugar-Free Polar Ice Mint Chewing Gum - 35ct (TCIN: 50270379) - status: attempting
[REALTIME] 50270379 status changed to: attempting
[PURCHASE] Dashboard notified immediately: 50270379 -> attempting
[REAL_PURCHASE_THREAD] [INIT] Starting async purchase execution for 50270379
[PURCHASE] CRITICAL RULE: 50270379 IN STOCK + ready -> attempting (60s)
[DISPATCH] 50270379 → W1/primary
[SESSION] Purchase in progress - validation paused
[STATE_CARRY] WARNING: 16 stale cdp_continued_ids from prior purchase — cleared
[PURCHASE] cdp_continued_ids cleared for new purchase (50270379, qty=1)
[PURCHASE] Starting purchase for 50270379
[REALTIME] 50270379 status changed to: attempting
[INTERCEPTOR:main] cdp.fetch.enable() sent with pattern *carts.target.com* + checkout RESPONSE (attempt 1)
[INTERCEPTOR:main] Added cdp.fetch to enabled_domains
[INTERCEPTOR:main] CDP fetch interceptor ready (total RequestPaused handlers on tab: 1)
[SESSION_REUSE] Tab starting from: https://www.target.com/cart
[PURCHASE] Navigating to https://www.target.com/p/-/A-50270379
[STOCK] IN STOCK: 50270379
[19:44:47] [API_CYCLE] IN STOCK: ['50270379']
[PURCHASE] Navigation returned in 0.82s
[PURCHASE] purchase_limit from PDP fallback: 10 (was qty=1, lookup 0.24s)
[PURCHASE] Injecting Shape headers (age=7s): ['Accept', 'Content-Type', 'Origin', 'User-Agent', 'X-GyJwza5Z-a', 'X-GyJwza5Z-b', 'X-GyJwza5Z-c', 'X-GyJwza5Z-d', 'X-GyJwza5Z-f', 'X-GyJwza5Z-z', 'sec-ch-ua', 'sec-ch-ua-mobile', 'sec-ch-ua-platform', 'x-application-name']
[PURCHASE] Firing ATC fetch qty=10 (t=1.12s)
[INTERCEPTOR:main]  POST https://carts.target.com/web_checkouts/v1/cart_items?field_groups=CART,CART_ITEM
[INTERCEPTOR:main] Captured 16 headers (Shape X-headers: 7, prev cache had 7): ['Accept', 'Content-Type', 'Cookie', 'Origin', 'Referer', 'User-Agent', 'X-GyJwza5Z-a', 'X-GyJwza5Z-b', 'X-GyJwza5Z-c', 'X-GyJwza5Z-d', 'X-GyJwza5Z-f', 'X-GyJwza5Z-z', 'sec-ch-ua', 'sec-ch-ua-mobile', 'sec-ch-ua-platform', 'x-application-name']
[INTERCEPTOR:main] GET https://carts.target.com/web_checkouts/v1/cart?cart_type=REGULAR&field_groups=AD — skipping cache (not POST, has 9 headers, 1 X-headers)
[INTERCEPTOR:main]   cache preserved: 16 headers, 7 Shape tokens, age=0.2s
[PURCHASE] ATC fetch status: 201 (t=2.03s)
[PURCHASE] Fetch ATC succeeded (201), skipping cart signal wait
[PURCHASE] Cart confirmed (t=2.0s)
[STOCK] IN STOCK: 50270379
[19:44:49] [API_CYCLE] IN STOCK: ['50270379']
[INTERCEPTOR:main] GET https://carts.target.com/web_checkouts/v1/cart?cart_type=REGULAR&field_groups=CA — skipping cache (not POST, has 8 headers, 0 X-headers)
[INTERCEPTOR:main]   cache preserved: 16 headers, 7 Shape tokens, age=0.9s
[CART_STATE] 1 item(s) in cart before checkout: ['50270379x10']
[REALTIME] 50270379 status changed to: checking_out
[PURCHASE] pre_checkout fired (fire-and-forget) (t+0.004s)
[INTERCEPTOR:main]  POST https://carts.target.com/web_checkouts/v1/pre_checkout?cart_type=REGULAR&field_g
[INTERCEPTOR:main] Captured 16 headers (Shape X-headers: 7, prev cache had 7): ['Accept', 'Content-Type', 'Cookie', 'Origin', 'Referer', 'User-Agent', 'X-GyJwza5Z-a', 'X-GyJwza5Z-b', 'X-GyJwza5Z-c', 'X-GyJwza5Z-d', 'X-GyJwza5Z-f', 'X-GyJwza5Z-z', 'sec-ch-ua', 'sec-ch-ua-mobile', 'sec-ch-ua-platform', 'x-application-name']
[STOCK] IN STOCK: 50270379
[19:44:50] [API_CYCLE] IN STOCK: ['50270379']
[STOCK] IN STOCK: 50270379
[19:44:51] [API_CYCLE] IN STOCK: ['50270379']
[PURCHASE] Checkout nav done (t+2.163s) landed=https://www.target.com/checkout/start
[STOCK] IN STOCK: 50270379
[19:44:52] [API_CYCLE] IN STOCK: ['50270379']
[STOCK] IN STOCK: 50270379
[19:44:52] [API_CYCLE] IN STOCK: ['50270379']
[STOCK] IN STOCK: 50270379
[19:44:53] [API_CYCLE] IN STOCK: ['50270379']
[STOCK] IN STOCK: 50270379
[19:44:54] [API_CYCLE] IN STOCK: ['50270379']
[STOCK] IN STOCK: 50270379
[19:44:55] [API_CYCLE] IN STOCK: ['50270379']
[STOCK] IN STOCK: 50270379
[19:44:56] [API_CYCLE] IN STOCK: ['50270379']
[STOCK] IN STOCK: 50270379
[19:44:57] [API_CYCLE] IN STOCK: ['50270379']
[STOCK] IN STOCK: 50270379
[19:44:58] [API_CYCLE] IN STOCK: ['50270379']
[STOCK] IN STOCK: 50270379
[19:44:58] [API_CYCLE] IN STOCK: ['50270379']
[STOCK] IN STOCK: 50270379
[19:45:00] [API_CYCLE] IN STOCK: ['50270379']
[STOCK] IN STOCK: 50270379
[19:45:01] [API_CYCLE] IN STOCK: ['50270379']
[DELIVERY] Checking for delivery option buttons...
[CHECKOUT_TRANSITION] ATC → Checkout → Payment phase starting (t=14.6s, co_state=none)
[PAYMENT] Starting checkout completion...
[PAYMENT] Waiting for checkout page to be ready...
[STOCK] IN STOCK: 50270379
[19:45:02] [API_CYCLE] IN STOCK: ['50270379']
[WARMUP_CYCLE] Cycle 30 W1/primary: headers_age=12s, in_progress=False
[WARMUP_CYCLE] W1/primary: queuing Shape header refresh...
[WARMUP] Navigating warmup tab to cart (was at https://www.target.com/cart)
[INTERCEPTOR:warmup] GET https://carts.target.com/web_checkouts/v1/lite_carts?cart_type=REGULAR&key=e59ce — skipping cache (not POST, has 9 headers, 1 X-headers)
[INTERCEPTOR:warmup]   cache preserved: 16 headers, 7 Shape tokens, age=12.9s
[INTERCEPTOR:warmup] PUT https://carts.target.com/web_checkouts/v1/cart?cart_type=REGULAR&field_groups=AD — skipping cache (not POST, has 10 headers, 1 X-headers)
[INTERCEPTOR:warmup]   cache preserved: 16 headers, 7 Shape tokens, age=13.0s
[STOCK] IN STOCK: 50270379
[19:45:02] [API_CYCLE] IN STOCK: ['50270379']
[INTERCEPTOR:warmup] GET https://carts.target.com/web_checkouts/v1/cart_views?cart_type=SFL&field_groups= — skipping cache (not POST, has 9 headers, 1 X-headers)
[INTERCEPTOR:warmup]   cache preserved: 16 headers, 7 Shape tokens, age=13.2s
[WARMUP] Firing dummy POST to trigger Shape header capture...
[INTERCEPTOR:warmup]  POST https://carts.target.com/web_checkouts/v1/cart_items?field_groups=CART,CART_ITEM
[INTERCEPTOR:warmup] Preserved cache (7 X-headers, age=13.7s) — new capture had only 6 X-headers
[WARMUP] Waiting for carts.target.com POST interception (up to 3s)...
[STOCK] IN STOCK: 50270379
[19:45:03] [API_CYCLE] IN STOCK: ['50270379']
[STOCK] IN STOCK: 50270379
[19:45:04] [API_CYCLE] IN STOCK: ['50270379']
[STOCK] IN STOCK: 50270379
[19:45:04] [API_CYCLE] IN STOCK: ['50270379']
[STOCK] IN STOCK: 50270379
[19:45:06] [API_CYCLE] IN STOCK: ['50270379']
[WARMUP] TIMEOUT after 16.7s — dummy POST was NOT intercepted
[WARMUP] Possible causes: Target cart page didn't load, Shape JS not initialized, or CDP interceptor not active
[WARMUP] Stale headers available: True, age=17s
[PAYMENT] Checkout ready timeout after 5.0s
[PAYMENT] Checkout ready state: timeout (t+5.057s)
[PAYMENT] --- Step 1: waiting for checkout step to load ---
[STOCK] IN STOCK: 50270379
[19:45:07] [API_CYCLE] IN STOCK: ['50270379']
[STOCK] IN STOCK: 50270379
[19:45:07] [API_CYCLE] IN STOCK: ['50270379']
[STOCK] IN STOCK: 50270379
[19:45:08] [API_CYCLE] IN STOCK: ['50270379']


============================================================
SHUTTING DOWN - Saving session and closing browser...
============================================================


============================================================
SHUTTING DOWN - Saving session and closing browser...
============================================================
[STOCK] IN STOCK: 50270379
[19:45:09] [API_CYCLE] IN STOCK: ['50270379']


============================================================
SHUTTING DOWN - Saving session and closing browser...
============================================================
[CLEANUP] taskkill /F /T /PID 34360 (fallback)
============================================================
Goodbye!
============================================================
