================================================================================
[PURCHASE_TRIGGER] Product IN STOCK: Extra Sugar-Free Polar Ice Mint Chewing Gum - 35ct (TCIN: 50270379)
[PURCHASE_LOG] Saving to: C:\Users\elric\Desktop\testScraper\logs\purchases\purchase_50270379_20260507_231642.log
================================================================================
[PURCHASE_MODE] ✅ [REAL] Using REAL browser automation for 50270379
[PURCHASE] Starting REAL purchase: Extra Sugar-Free Polar Ice Mint Chewing Gum - 35ct (TCIN: 50270379) - status: attempting
[REALTIME] 50270379 status changed to: attempting
[PURCHASE] Dashboard notified immediately: 50270379 -> attempting
[REAL_PURCHASE_THREAD] [INIT] Starting async purchase execution for 50270379
[PURCHASE] CRITICAL RULE: 50270379 IN STOCK + ready -> attempting (60s)
[DISPATCH] 50270379 → W1/primary
[SESSION] Purchase in progress - validation paused
[PURCHASE] cdp_continued_ids cleared for new purchase (50270379, qty=1)
[PURCHASE] Starting purchase for 50270379
[REALTIME] 50270379 status changed to: attempting
[INTERCEPTOR:main] cdp.fetch.enable() sent with pattern *carts.target.com* + checkout RESPONSE (attempt 1)
[INTERCEPTOR:main] Added cdp.fetch to enabled_domains
[INTERCEPTOR:main] CDP fetch interceptor ready (total RequestPaused handlers on tab: 1)
[SESSION_REUSE] Tab starting from: https://www.target.com/cart
[PURCHASE] purchase_limit from cache: 10 (cached 5s ago, skipping PDP nav)
[SHAPE_RING] Consumed fresh capture (ts age=4.1s, 2 unused remaining of 4)
[PURCHASE] Injecting Shape headers (age=4s): ['Accept', 'Content-Type', 'Origin', 'User-Agent', 'X-GyJwza5Z-a', 'X-GyJwza5Z-b', 'X-GyJwza5Z-c', 'X-GyJwza5Z-d', 'X-GyJwza5Z-f', 'X-GyJwza5Z-z', 'sec-ch-ua', 'sec-ch-ua-mobile', 'sec-ch-ua-platform', 'x-application-name']
[PURCHASE] Firing ATC fetch qty=10 (t=0.00s)
[INTERCEPTOR:main]  POST https://carts.target.com/web_checkouts/v1/cart_items?field_groups=CART,CART_ITEM
[INTERCEPTOR:main] Captured 16 headers (Shape tokens: 6, prev cache had 6): ['Accept', 'Content-Type', 'Cookie', 'Origin', 'Referer', 'User-Agent', 'X-GyJwza5Z-a', 'X-GyJwza5Z-b', 'X-GyJwza5Z-c', 'X-GyJwza5Z-d', 'X-GyJwza5Z-f', 'X-GyJwza5Z-z', 'sec-ch-ua', 'sec-ch-ua-mobile', 'sec-ch-ua-platform', 'x-application-name']
[PURCHASE] ATC fetch status: 201 (t=0.28s)
[PURCHASE] Fetch ATC succeeded (201), skipping cart signal wait
[PURCHASE] Cart confirmed (t=0.3s)
[REALTIME] 50270379 status changed to: checking_out
[PURCHASE] pre_checkout fired (fire-and-forget) (t+0.002s)
[PURCHASE] API mode — skipping /checkout/start nav (t+0.002s)
[CHECKOUT_TRANSITION] ATC → Checkout → Payment phase starting (t=0.3s, co_state=place_order)
[PAYMENT] Starting checkout completion...
[PAYMENT] API mode — bypassing DOM checkout flow, calling _place_order directly
[PAYMENT] Phase 4b dispatch check: test_mode=False, api_path=True → API path
[PAYMENT] TARGET_API_PLACE_ORDER=true — attempting API place-order
[API_PLACE_ORDER] Injecting Shape headers (age=0s): ['Accept', 'Content-Type', 'Origin', 'User-Agent', 'X-GyJwza5Z-a', 'X-GyJwza5Z-b', 'X-GyJwza5Z-c', 'X-GyJwza5Z-d', 'X-GyJwza5Z-f', 'X-GyJwza5Z-z', 'sec-ch-ua', 'sec-ch-ua-mobile', 'sec-ch-ua-platform', 'x-application-name']
[API_PLACE_ORDER] Firing checkout POST
[INTERCEPTOR:main]  POST https://carts.target.com/web_checkouts/v1/pre_checkout?cart_type=REGULAR&field_g
[INTERCEPTOR:main] Captured 16 headers (Shape tokens: 6, prev cache had 6): ['Accept', 'Content-Type', 'Cookie', 'Origin', 'Referer', 'User-Agent', 'X-GyJwza5Z-a', 'X-GyJwza5Z-b', 'X-GyJwza5Z-c', 'X-GyJwza5Z-d', 'X-GyJwza5Z-f', 'X-GyJwza5Z-z', 'sec-ch-ua', 'sec-ch-ua-mobile', 'sec-ch-ua-platform', 'x-application-name']
[INTERCEPTOR:main] [CHECKOUT_POST] POST https://carts.target.com/web_checkouts/v1/checkout?cart_type=REGULAR&field_group
[INTERCEPTOR:main] Captured 16 headers (Shape tokens: 6, prev cache had 6): ['Accept', 'Content-Type', 'Cookie', 'Origin', 'Referer', 'User-Agent', 'X-GyJwza5Z-a', 'X-GyJwza5Z-b', 'X-GyJwza5Z-c', 'X-GyJwza5Z-d', 'X-GyJwza5Z-f', 'X-GyJwza5Z-z', 'sec-ch-ua', 'sec-ch-ua-mobile', 'sec-ch-ua-platform', 'x-application-name']
[INTERCEPTOR:main] [RESPONSE] POST https://carts.target.com/web_checkouts/v1/checkout?cart_type=REGULAR&field_group → HTTP 424 (shape-pass=?)
[INTERCEPTOR:main] [CHECKOUT_RESPONSE] HTTP 424 — REJECTED
[INTERCEPTOR:main] [CHECKOUT_RESPONSE] 424 flagged — short-circuiting wait loop (reason=CART_COMPARISION_FAILURE_ERROR)
[INTERCEPTOR:main] [CHECKOUT_RESPONSE] headers: {'content-encoding': 'gzip', 'content-type': 'application/json', 'tgt-cart-error-key': 'CART_COMPARISION_FAILURE_ERROR', 'x-api-id': 'bc0ca43a-a25b-47ab-956b-35e5a96f8da6', 'x-envoy-upstream-service-time': '871', 'fastly-restarts': '1', 'accept-ranges': 'bytes', 'date': 'Fri, 08 May 2026 04:16:43 GMT', 'access-control-allow-origin': 'https://www.target.com', 'access-control-allow-credentials': 'true'}
[INTERCEPTOR:main] [CHECKOUT_RESPONSE] body: ''
[API_PLACE_ORDER] HTTP 424 in 0.99s (322 body chars)
[PAYMENT] API place-order failed (reason=http_424, status=424) — falling back to DOM click
[PAYMENT] Place Order not found or still disabled
[PAYMENT] Screenshot: logs/checkout_no_place_order_20260507_231643.png
[PURCHASE] DIAGNOSIS: INVENTORY_NOT_AVAILABLE — item OOS at checkout submission
[PURCHASE] Checkout failed, clearing cart and waiting...
[INTERCEPTOR:main] GET https://carts.target.com/web_checkouts/v1/lite_carts?cart_type=REGULAR&key=e59ce — skipping cache (not POST, has 9 headers, 1 X-headers)
[INTERCEPTOR:main]   cache preserved: 16 headers, 7 Shape tokens, age=1.8s
[INTERCEPTOR:main] PUT https://carts.target.com/web_checkouts/v1/cart?cart_type=REGULAR&field_groups=AD — skipping cache (not POST, has 10 headers, 1 X-headers)
[INTERCEPTOR:main]   cache preserved: 16 headers, 7 Shape tokens, age=2.0s
[INTERCEPTOR:main] GET https://carts.target.com/web_checkouts/v1/cart?cart_type=REGULAR&field_groups=CA — skipping cache (not POST, has 8 headers, 0 X-headers)
[INTERCEPTOR:main]   cache preserved: 16 headers, 7 Shape tokens, age=2.3s
[INTERCEPTOR:main] GET https://carts.target.com/web_checkouts/v1/cart_views?cart_type=SFL&field_groups= — skipping cache (not POST, has 9 headers, 1 X-headers)
[INTERCEPTOR:main]   cache preserved: 16 headers, 7 Shape tokens, age=2.6s
[CLEAR_CART_API] deleting 1 cart item(s) via API
[INTERCEPTOR:main] OPTIONS https://carts.target.com/web_checkouts/v1/cart_items/b7abf070-4a94-11f1-a77d-692 — skipping cache (not POST, has 7 headers, 0 X-headers)
[INTERCEPTOR:main]   cache preserved: 16 headers, 7 Shape tokens, age=2.6s
[INTERCEPTOR:main] DELETE https://carts.target.com/web_checkouts/v1/cart_items/b7abf070-4a94-11f1-a77d-692 — skipping cache (not POST, has 16 headers, 7 X-headers)
[INTERCEPTOR:main]   cache preserved: 16 headers, 7 Shape tokens, age=2.6s
[CLEAR_CART_API] DELETE b7abf070… OK (200)
[CLEAR_CART] API path cleared regular items, SFL bucket empty — short-circuit success
[PURCHASE] Cart cleared after checkout_navigation_failed, waiting for next cycle
[PURCHASE] CDP fetch interceptor disabled (cleanup) — all RequestPaused handlers removed
[REAL_PURCHASE_THREAD] [OK] Purchase execution completed: {'success': False, 'tcin': '50270379', 'reason': 'checkout_navigation_failed', 'execution_time': 3.265990972518921}
[REAL_PURCHASE_THREAD] Marked thread as completing: 50270379
[PURCHASE]  REAL purchase failed: 50270379 - checkout_navigation_failed
[REALTIME] 50270379 status changed to: failed
[23:16:45] [PURCHASE] Purchase failed: Extra Sugar-Free Polar Ice Mint Chewing Gum - 35ct - checkout_navigation_failed
[REAL_PURCHASE_THREAD] ✅ State updated atomically, safe for next cycle
[SESSION] Purchase complete - validation resumed
[REAL_PURCHASE_THREAD] Removing 50270379 from active purchases
