================================================================================
[PURCHASE_TRIGGER] Product IN STOCK: Pokémon Trading Card Game: Mega Evolution—Ascended Heroes Mega Emboar ex Box (TCIN: 1008581387)
[PURCHASE_LOG] Saving to: C:\Users\Anuraj\Desktop\testScraper\logs\purchases\purchase_1008581387_20260515_030237.log
================================================================================
[PURCHASE_MODE] ✅ [REAL] Using REAL browser automation for 1008581387
[PURCHASE] Starting REAL purchase: Pokémon Trading Card Game: Mega Evolution—Ascended Heroes Mega Emboar ex Box (TCIN: 1008581387) - status: attempting
[REALTIME] 1008581387 status changed to: attempting
[PURCHASE] Dashboard notified immediately: 1008581387 -> attempting
[REAL_PURCHASE_THREAD] [INIT] Starting async purchase execution for 1008581387
[PURCHASE] CRITICAL RULE: 1008581387 IN STOCK + ready -> attempting (60s)
[DISPATCH] 1008581387 → W1/primary
[SESSION] Purchase in progress - validation paused
[PURCHASE] cdp_continued_ids cleared for new purchase (1008581387, qty=1)
[PURCHASE] Starting purchase for 1008581387
[REALTIME] 1008581387 status changed to: attempting
[INTERCEPTOR:main] cdp.fetch.enable() sent with pattern *carts.target.com* + checkout RESPONSE (attempt 1)
[INTERCEPTOR:main] Added cdp.fetch to enabled_domains
[INTERCEPTOR:main] CDP fetch interceptor ready (total RequestPaused handlers on tab: 1)
[SESSION_REUSE] Tab starting from: https://www.target.com/p/-/A-1008581387
[PURCHASE] purchase_limit from cache: 2 (cached 242s ago, skipping PDP nav)
[SHAPE_RING] Consumed fresh capture (ts age=241.4s, 0 unused remaining of 4)
[PURCHASE] Shape headers approaching TTL (age=241s) — refreshing warmup tab
[WARMUP] Navigating warmup tab to cart (was at https://www.target.com/cart, age=242s)
[INTERCEPTOR:warmup] GET https://carts.target.com/web_checkouts/v1/lite_carts?cart_type=REGULAR&key=e59ce — skipping cache (not POST, has 9 headers, 1 X-headers)
[INTERCEPTOR:warmup]   cache preserved: 16 headers, 7 Shape tokens, age=241.7s
[WARMUP] Firing dummy POST to trigger Shape header capture...
[WARMUP] Waiting for carts.target.com POST interception (up to 1.5s)...
[INTERCEPTOR:warmup]  POST https://carts.target.com/web_checkouts/v1/cart_items?field_groups=CART,CART_ITEM
[INTERCEPTOR:warmup] Captured 15 headers (Shape tokens: 6, prev cache had 6): ['Accept', 'Content-Type', 'Cookie', 'Origin', 'Referer', 'User-Agent', 'X-GyJwza5Z-a', 'X-GyJwza5Z-b', 'X-GyJwza5Z-c', 'X-GyJwza5Z-d', 'X-GyJwza5Z-f', 'X-GyJwza5Z-z', 'sec-ch-ua', 'sec-ch-ua-mobile', 'sec-ch-ua-platform']
[INTERCEPTOR:warmup] PUT https://carts.target.com/web_checkouts/v1/cart?cart_type=REGULAR&field_groups=AD — skipping cache (not POST, has 10 headers, 1 X-headers)
[INTERCEPTOR:warmup]   cache preserved: 15 headers, 6 Shape tokens, age=0.0s
[WARMUP] Shape headers captured successfully (age=0.1s): ['Accept', 'Content-Type', 'Cookie', 'Origin', 'Referer', 'User-Agent', 'X-GyJwza5Z-a', 'X-GyJwza5Z-b', 'X-GyJwza5Z-c', 'X-GyJwza5Z-d', 'X-GyJwza5Z-f', 'X-GyJwza5Z-z', 'sec-ch-ua', 'sec-ch-ua-mobile', 'sec-ch-ua-platform']
[SHAPE_RING] Consumed fresh capture (ts age=0.1s, 0 unused remaining of 4)
[PURCHASE] Warmup refresh complete, new headers age=0s
[PURCHASE] Injecting Shape headers (age=0s): ['Accept', 'Content-Type', 'Origin', 'User-Agent', 'X-GyJwza5Z-a', 'X-GyJwza5Z-b', 'X-GyJwza5Z-c', 'X-GyJwza5Z-d', 'X-GyJwza5Z-f', 'X-GyJwza5Z-z', 'sec-ch-ua', 'sec-ch-ua-mobile', 'sec-ch-ua-platform', 'x-application-name']
[PURCHASE] Firing ATC fetch qty=2 (t=0.74s)
[INTERCEPTOR:main]  POST https://carts.target.com/web_checkouts/v1/cart_items?field_groups=CART,CART_ITEM
[INTERCEPTOR:main] Captured 16 headers (Shape tokens: 6, prev cache had 6): ['Accept', 'Content-Type', 'Cookie', 'Origin', 'Referer', 'User-Agent', 'X-GyJwza5Z-a', 'X-GyJwza5Z-b', 'X-GyJwza5Z-c', 'X-GyJwza5Z-d', 'X-GyJwza5Z-f', 'X-GyJwza5Z-z', 'sec-ch-ua', 'sec-ch-ua-mobile', 'sec-ch-ua-platform', 'x-application-name']
[INTERCEPTOR:warmup] GET https://carts.target.com/web_checkouts/v1/cart_views?cart_type=SFL&field_groups= — skipping cache (not POST, has 9 headers, 1 X-headers)
[INTERCEPTOR:warmup]   cache preserved: 16 headers, 7 Shape tokens, age=0.1s
[PURCHASE] ATC fetch status: 401 body='{\n  "errorCode": "T83072242",\n  "errorKey": "_ERR_AUTH_DENIED",\n  "errorMessage": "Error Code T83072242. Sorry, something went wrong. Please refresh your browser and try again.",\n  "errorParameters": "",\n  "errorRefresh": "false"\n}' (t=0.95s)
[PURCHASE] ATC fetch 401 auth denied — refreshing Shape headers and retrying (t=0.95s)
[AUTH_FIX] Found 6 www.target.com-scoped cookies: ['lux_uid', 'SwSPfmcX', 'kampyleUserSession', 'kampyleUserSessionsCount', 'kampyleUserPercentile', 'kampyleSessionPageCounter']
[AUTH_FIX] Re-injected 'SwSPfmcX' with domain .target.com
[WARMUP] Skipping cart re-nav (last nav 1s ago, tab still warm)
[WARMUP] Firing dummy POST to trigger Shape header capture...
[WARMUP] Waiting for carts.target.com POST interception (up to 1.5s)...
[INTERCEPTOR:warmup]  POST https://carts.target.com/web_checkouts/v1/cart_items?field_groups=CART,CART_ITEM
[INTERCEPTOR:warmup] Captured 15 headers (Shape tokens: 6, prev cache had 6): ['Accept', 'Content-Type', 'Cookie', 'Origin', 'Referer', 'User-Agent', 'X-GyJwza5Z-a', 'X-GyJwza5Z-b', 'X-GyJwza5Z-c', 'X-GyJwza5Z-d', 'X-GyJwza5Z-f', 'X-GyJwza5Z-z', 'sec-ch-ua', 'sec-ch-ua-mobile', 'sec-ch-ua-platform']
[WARMUP] Shape headers captured successfully (age=0.1s): ['Accept', 'Content-Type', 'Cookie', 'Origin', 'Referer', 'User-Agent', 'X-GyJwza5Z-a', 'X-GyJwza5Z-b', 'X-GyJwza5Z-c', 'X-GyJwza5Z-d', 'X-GyJwza5Z-f', 'X-GyJwza5Z-z', 'sec-ch-ua', 'sec-ch-ua-mobile', 'sec-ch-ua-platform']
[INTERCEPTOR:main]  POST https://carts.target.com/web_checkouts/v1/cart_items?field_groups=CART,CART_ITEM
[INTERCEPTOR:main] Captured 16 headers (Shape tokens: 6, prev cache had 6): ['Accept', 'Content-Type', 'Cookie', 'Origin', 'Referer', 'User-Agent', 'X-GyJwza5Z-a', 'X-GyJwza5Z-b', 'X-GyJwza5Z-c', 'X-GyJwza5Z-d', 'X-GyJwza5Z-f', 'X-GyJwza5Z-z', 'sec-ch-ua', 'sec-ch-ua-mobile', 'sec-ch-ua-platform', 'x-application-name']
[STOCK] IN STOCK: 1008581387
[03:02:38] [API_CYCLE] IN STOCK: ['1008581387']
[WARMUP_CYCLE] Cycle 30 W1/primary: headers_age=0s, in_progress=False
[WARMUP_CYCLE] W1/primary: skipping — headers fresh (0s old)
[PURCHASE] ATC fast-retry still 401 — sleeping 0.30s before second attempt (t=1.45s)
[SHAPE_RING] Consumed fresh capture (ts age=0.6s, 2 unused remaining of 4)
[INTERCEPTOR:main]  POST https://carts.target.com/web_checkouts/v1/cart_items?field_groups=CART,CART_ITEM
[INTERCEPTOR:main] Captured 16 headers (Shape tokens: 6, prev cache had 6): ['Accept', 'Content-Type', 'Cookie', 'Origin', 'Referer', 'User-Agent', 'X-GyJwza5Z-a', 'X-GyJwza5Z-b', 'X-GyJwza5Z-c', 'X-GyJwza5Z-d', 'X-GyJwza5Z-f', 'X-GyJwza5Z-z', 'sec-ch-ua', 'sec-ch-ua-mobile', 'sec-ch-ua-platform', 'x-application-name']
[PURCHASE] ATC retry-2 returned 401 — falling through to DOM polling fallback
[PURCHASE] Token ready — button enabled after 0.5s (t=2.75s)
[PURCHASE] Retrying ATC fetch — button enabled, write token ready (t=2.75s)
[INTERCEPTOR:main]  POST https://carts.target.com/web_checkouts/v1/cart_items?field_groups=CART,CART_ITEM
[INTERCEPTOR:main] Captured 16 headers (Shape tokens: 6, prev cache had 6): ['Accept', 'Content-Type', 'Cookie', 'Origin', 'Referer', 'User-Agent', 'X-GyJwza5Z-a', 'X-GyJwza5Z-b', 'X-GyJwza5Z-c', 'X-GyJwza5Z-d', 'X-GyJwza5Z-f', 'X-GyJwza5Z-z', 'sec-ch-ua', 'sec-ch-ua-mobile', 'sec-ch-ua-platform', 'x-application-name']
[PURCHASE] ATC fetch retry: 401 (t=2.92s)
[PURCHASE] ATC fetch retry still 401 — falling through to button click
[PURCHASE] Fetch ATC not confirmed, trying button click...
[SHIPPING] Checking for fulfillment options...
[STOCK] IN STOCK: 1008581387
[03:02:40] [API_CYCLE] IN STOCK: ['1008581387']
[SHIPPING] Warning: Timeout (0.5s) waiting for element with selector: '[data-test="fulfillment-cell-shipping"]'
[BUTTON_FIND] Searching for add-to-cart/preorder button...
[BUTTON_FIND] Found button: button[id^="addToCartButtonOrTextIdFor"]
[PURCHASE] ATC button clicked (t=3.73s)
[INTERCEPTOR:main]  POST https://carts.target.com/web_checkouts/v1/cart_items?field_groups=CART%2CCART_IT
[INTERCEPTOR:main] Captured 16 headers (Shape tokens: 6, prev cache had 6): ['Accept', 'Content-Type', 'Cookie', 'Origin', 'Referer', 'User-Agent', 'X-GyJwza5Z-a', 'X-GyJwza5Z-b', 'X-GyJwza5Z-c', 'X-GyJwza5Z-d', 'X-GyJwza5Z-f', 'X-GyJwza5Z-z', 'sec-ch-ua', 'sec-ch-ua-mobile', 'sec-ch-ua-platform', 'x-application-name']
[STOCK] IN STOCK: 1008581387
[03:02:42] [API_CYCLE] IN STOCK: ['1008581387']
[STOCK] IN STOCK: 1008581387
[03:02:48] [API_CYCLE] IN STOCK: ['1008581387']
[CART_SIGNAL] No signal within 8.0s
[PURCHASE] No late retry POST detected (last post age=8.3s, is_retry=False)
[STOCK] IN STOCK: 1008581387
[03:02:52] [API_CYCLE] IN STOCK: ['1008581387']
[STOCK] IN STOCK: 1008581387
[03:02:54] [API_CYCLE] IN STOCK: ['1008581387']
[STOCK] IN STOCK: 1008581387
[03:02:57] [API_CYCLE] IN STOCK: ['1008581387']
[STOCK] IN STOCK: 1008581387
[03:02:58] [API_CYCLE] IN STOCK: ['1008581387']
[STOCK] IN STOCK: 1008581387
[03:02:58] [API_CYCLE] IN STOCK: ['1008581387']
[STOCK] IN STOCK: 1008581387
[03:03:00] [API_CYCLE] IN STOCK: ['1008581387']
[STOCK] IN STOCK: 1008581387
[03:03:02] [API_CYCLE] IN STOCK: ['1008581387']
[STOCK] IN STOCK: 1008581387
[03:03:04] [API_CYCLE] IN STOCK: ['1008581387']
[STOCK] IN STOCK: 1008581387
[03:03:09] [API_CYCLE] IN STOCK: ['1008581387']
[STOCK] IN STOCK: 1008581387
[03:03:11] [API_CYCLE] IN STOCK: ['1008581387']
[STOCK] IN STOCK: 1008581387
[03:03:16] [API_CYCLE] IN STOCK: ['1008581387']
[STOCK] IN STOCK: 1008581387
[03:03:17] [API_CYCLE] IN STOCK: ['1008581387']
[STOCK] IN STOCK: 1008581387
[03:03:20] [API_CYCLE] IN STOCK: ['1008581387']
[STOCK] IN STOCK: 1008581387
[03:03:21] [API_CYCLE] IN STOCK: ['1008581387']
[STOCK] IN STOCK: 1008581387
[03:03:24] [API_CYCLE] IN STOCK: ['1008581387']
[STOCK] IN STOCK: 1008581387
[03:03:26] [API_CYCLE] IN STOCK: ['1008581387']
[STOCK] IN STOCK: 1008581387
[03:03:27] [API_CYCLE] IN STOCK: ['1008581387']
[STOCK] IN STOCK: 1008581387
[03:03:30] [API_CYCLE] IN STOCK: ['1008581387']
[STOCK] IN STOCK: 1008581387
[03:03:32] [API_CYCLE] IN STOCK: ['1008581387']
[STOCK] IN STOCK: 1008581387
[03:03:32] [API_CYCLE] IN STOCK: ['1008581387']
[STOCK] IN STOCK: 1008581387
[03:03:35] [API_CYCLE] IN STOCK: ['1008581387']
[STOCK] IN STOCK: 1008581387
[03:03:37] [API_CYCLE] IN STOCK: ['1008581387']
[STOCK] IN STOCK: 1008581387
[03:03:37] [API_CYCLE] IN STOCK: ['1008581387']
[PURCHASE_CONCURRENCY] Background thread still active: 1008581387 (running 60.2s, status: executing)
[PURCHASE_CONCURRENCY] Skipping 1008581387 - purchase already active for 1008581387
[PURCHASE] ATC failed: 'something went wrong' on page
[INTERCEPTOR:main] GET https://carts.target.com/web_checkouts/v1/lite_carts?cart_type=REGULAR&key=e59ce — skipping cache (not POST, has 9 headers, 1 X-headers)
[INTERCEPTOR:main]   cache preserved: 16 headers, 7 Shape tokens, age=56.9s
[INTERCEPTOR:main] PUT https://carts.target.com/web_checkouts/v1/cart?cart_type=REGULAR&field_groups=AD — skipping cache (not POST, has 10 headers, 1 X-headers)
[INTERCEPTOR:main]   cache preserved: 16 headers, 7 Shape tokens, age=57.1s
[INTERCEPTOR:main] GET https://carts.target.com/web_checkouts/v1/cart?cart_type=REGULAR&field_groups=CA — skipping cache (not POST, has 8 headers, 0 X-headers)
[INTERCEPTOR:main]   cache preserved: 16 headers, 7 Shape tokens, age=57.3s
[INTERCEPTOR:main] GET https://carts.target.com/web_checkouts/v1/cart_views?cart_type=SFL&field_groups= — skipping cache (not POST, has 9 headers, 1 X-headers)
[INTERCEPTOR:main]   cache preserved: 16 headers, 7 Shape tokens, age=57.3s
[CLEAR_CART_API] cart already empty (no cart_item_id)
[PURCHASE] CDP fetch interceptor disabled (cleanup) — all RequestPaused handlers removed
[REAL_PURCHASE_THREAD] [OK] Purchase execution completed: {'success': False, 'tcin': '1008581387', 'reason': 'cart_addition_failed', 'execution_time': 61.143465995788574}
[REAL_PURCHASE_THREAD] Marked thread as completing: 1008581387
[PURCHASE] Warning: 1008581387 state is 'ready' (not 'attempting') — purchase thread finished late. Still applying result.
[PURCHASE]  REAL purchase failed: 1008581387 - cart_addition_failed
[REALTIME] 1008581387 status changed to: failed
[03:03:38] [PURCHASE] Purchase failed: 1008581387 - cart_addition_failed
[REAL_PURCHASE_THREAD] ✅ State updated atomically, safe for next cycle
[SESSION] Purchase complete - validation resumed
[REAL_PURCHASE_THREAD] Removing 1008581387 from active purchases
