================================================================================
[PURCHASE_TRIGGER] Product IN STOCK: Extra Sugar-Free Polar Ice Mint Chewing Gum - 35ct (TCIN: 50270379)
[PURCHASE_LOG] Saving to: C:\Users\elric\Desktop\testScraper\logs\purchases\purchase_50270379_20260506_191655.log
================================================================================
[PURCHASE_MODE] ✅ [REAL] Using REAL browser automation for 50270379
[PURCHASE] Starting REAL purchase: Extra Sugar-Free Polar Ice Mint Chewing Gum - 35ct (TCIN: 50270379) - status: attempting
[REALTIME] 50270379 status changed to: attempting
[PURCHASE] Dashboard notified immediately: 50270379 -> attempting
[REAL_PURCHASE_THREAD] [INIT] Starting async purchase execution for 50270379
[PURCHASE] CRITICAL RULE: 50270379 IN STOCK + ready -> attempting (60s)
[DISPATCH] 50270379 → W1/primary
[SESSION] Purchase in progress - validation paused
[STATE_CARRY] WARNING: 16 stale cdp_continued_ids from prior purchase — cleared
[PURCHASE] cdp_continued_ids cleared for new purchase (50270379, qty=1)
[PURCHASE] Starting purchase for 50270379
[REALTIME] 50270379 status changed to: attempting
[INTERCEPTOR:main] cdp.fetch.enable() sent with pattern *carts.target.com* + checkout RESPONSE (attempt 1)
[INTERCEPTOR:main] Added cdp.fetch to enabled_domains
[INTERCEPTOR:main] CDP fetch interceptor ready (total RequestPaused handlers on tab: 1)
[SESSION_REUSE] Tab starting from: https://www.target.com/checkout
[PURCHASE] Navigating to https://www.target.com/p/-/A-50270379
[STOCK] IN STOCK: 50270379
[19:16:55] [API_CYCLE] IN STOCK: ['50270379']
[INTERCEPTOR:main] GET https://carts.target.com/web_checkouts/v1/cart?cart_type=REGULAR&field_groups=AD — skipping cache (not POST, has 9 headers, 1 X-headers)
[INTERCEPTOR:main]   cache preserved: 17 headers, 8 Shape tokens, age=1.9s
[STOCK] IN STOCK: 50270379
[19:16:56] [API_CYCLE] IN STOCK: ['50270379']
[STOCK] IN STOCK: 50270379
[19:16:57] [API_CYCLE] IN STOCK: ['50270379']
[PURCHASE] Navigation returned in 2.61s
[PURCHASE] purchase_limit from PDP fallback: 10 (was qty=1, lookup 0.00s)
[PURCHASE] Injecting Shape headers (age=4s): ['Accept', 'Content-Type', 'Origin', 'User-Agent', 'X-GyJwza5Z-a', 'X-GyJwza5Z-a0', 'X-GyJwza5Z-b', 'X-GyJwza5Z-c', 'X-GyJwza5Z-d', 'X-GyJwza5Z-f', 'X-GyJwza5Z-z', 'sec-ch-ua', 'sec-ch-ua-mobile', 'sec-ch-ua-platform', 'x-application-name']
[PURCHASE] Firing ATC fetch qty=10 (t=2.61s)
[INTERCEPTOR:main] OPTIONS https://carts.target.com/web_checkouts/v1/cart_items?field_groups=CART,CART_ITEM — skipping cache (not POST, has 7 headers, 0 X-headers)
[INTERCEPTOR:main]   cache preserved: 17 headers, 8 Shape tokens, age=3.6s
[INTERCEPTOR:main]  POST https://carts.target.com/web_checkouts/v1/cart_items?field_groups=CART,CART_ITEM
[INTERCEPTOR:main] Captured 17 headers (Shape X-headers: 8, prev cache had 8): ['Accept', 'Content-Type', 'Cookie', 'Origin', 'Referer', 'User-Agent', 'X-GyJwza5Z-a', 'X-GyJwza5Z-a0', 'X-GyJwza5Z-b', 'X-GyJwza5Z-c', 'X-GyJwza5Z-d', 'X-GyJwza5Z-f', 'X-GyJwza5Z-z', 'sec-ch-ua', 'sec-ch-ua-mobile', 'sec-ch-ua-platform', 'x-application-name']
[STOCK] IN STOCK: 50270379
[19:16:58] [API_CYCLE] IN STOCK: ['50270379']
[PURCHASE] ATC fetch status: 201 (t=2.93s)
[PURCHASE] Fetch ATC succeeded (201), skipping cart signal wait
[PURCHASE] Cart confirmed (t=2.9s)
[INTERCEPTOR:main] GET https://carts.target.com/web_checkouts/v1/cart?cart_type=REGULAR&field_groups=CA — skipping cache (not POST, has 8 headers, 0 X-headers)
[INTERCEPTOR:main]   cache preserved: 17 headers, 8 Shape tokens, age=0.3s

[SYSTEM] Shutting down gracefully... (press Ctrl+C again to force-exit)
[19:16:58] [SYSTEM] Application shutting down
[SYSTEM] Marked 1 in-progress purchase(s) as interrupted: ['50270379']
[CART_STATE] 1 item(s) in cart before checkout: ['50270379x10']
[REALTIME] 50270379 status changed to: checking_out
[PURCHASE] pre_checkout fired (fire-and-forget) (t+0.004s)
[INTERCEPTOR:main] OPTIONS https://carts.target.com/web_checkouts/v1/pre_checkout?cart_type=REGULAR&field_g — skipping cache (not POST, has 7 headers, 0 X-headers)
[INTERCEPTOR:main]   cache preserved: 17 headers, 8 Shape tokens, age=0.9s
[INTERCEPTOR:main]  POST https://carts.target.com/web_checkouts/v1/pre_checkout?cart_type=REGULAR&field_g
[INTERCEPTOR:main] Captured 17 headers (Shape X-headers: 8, prev cache had 8): ['Accept', 'Content-Type', 'Cookie', 'Origin', 'Referer', 'User-Agent', 'X-GyJwza5Z-a', 'X-GyJwza5Z-a0', 'X-GyJwza5Z-b', 'X-GyJwza5Z-c', 'X-GyJwza5Z-d', 'X-GyJwza5Z-f', 'X-GyJwza5Z-z', 'sec-ch-ua', 'sec-ch-ua-mobile', 'sec-ch-ua-platform', 'x-application-name']
[STOCK] IN STOCK: 50270379
[19:16:59] [API_CYCLE] IN STOCK: ['50270379']
[PURCHASE_CONCURRENCY] Background thread still active: 50270379 (running 3.9s, status: executing)
[PURCHASE_ERROR] 50270379 is IN STOCK but still has completed status 'interrupted' - reset failed!
[PURCHASE_EMERGENCY] Emergency reset 50270379 to ready and will retry purchase next cycle
[CLEANUP] taskkill /F /T /PID 33088 → exit 0
[SYSTEM] Browser closed
[SYSTEM] Session saved
[PERSISTENCE] Shutdown signal received
[PERSISTENCE] Processing final pending save on shutdown
[PERSISTENCE] Worker loop exited
[PERSISTENCE] Worker stopped cleanly (21 saves, 0 errors)
[SYSTEM] Shutdown complete
