================================================================================
[PURCHASE_TRIGGER] Product IN STOCK: Pokémon Trading Card Game: Mega Evolution—Ascended Heroes Mega Meganium ex Box (TCIN: 95163305)
[PURCHASE_LOG] Saving to: C:\Users\Anuraj\Desktop\testScraper\logs\purchases\purchase_95163305_20260515_024448.log
================================================================================
[PURCHASE_MODE] ✅ [REAL] Using REAL browser automation for 95163305
[PURCHASE] Starting REAL purchase: Pokémon Trading Card Game: Mega Evolution—Ascended Heroes Mega Meganium ex Box (TCIN: 95163305) - status: attempting
[REALTIME] 95163305 status changed to: attempting
[PURCHASE] Dashboard notified immediately: 95163305 -> attempting
[REAL_PURCHASE_THREAD] [INIT] Starting async purchase execution for 95163305
[PURCHASE] CRITICAL RULE: 95163305 IN STOCK + ready -> attempting (60s)
[DISPATCH] 95163305 → W1/primary
[SESSION] Purchase in progress - validation paused
[PURCHASE] cdp_continued_ids cleared for new purchase (95163305, qty=1)
[PURCHASE] Starting purchase for 95163305
[REALTIME] 95163305 status changed to: attempting
[INTERCEPTOR:main] cdp.fetch.enable() sent with pattern *carts.target.com* + checkout RESPONSE (attempt 1)
[INTERCEPTOR:main] Added cdp.fetch to enabled_domains
[INTERCEPTOR:main] CDP fetch interceptor ready (total RequestPaused handlers on tab: 1)
[SESSION_REUSE] Tab starting from: https://www.target.com/p/-/A-95163305
[PURCHASE] purchase_limit from cache: 2 (cached 253s ago, skipping PDP nav)
[SHAPE_RING] Consumed fresh capture (ts age=252.4s, 1 unused remaining of 4)
[PURCHASE] Shape headers approaching TTL (age=252s) — refreshing warmup tab
[WARMUP] Navigating warmup tab to cart (was at https://www.target.com/cart, age=253s)
[INTERCEPTOR:warmup] GET https://carts.target.com/web_checkouts/v1/lite_carts?cart_type=REGULAR&key=e59ce — skipping cache (not POST, has 9 headers, 1 X-headers)
[INTERCEPTOR:warmup]   cache preserved: 16 headers, 7 Shape tokens, age=252.7s
[WARMUP] Firing dummy POST to trigger Shape header capture...
[INTERCEPTOR:warmup] PUT https://carts.target.com/web_checkouts/v1/cart?cart_type=REGULAR&field_groups=AD — skipping cache (not POST, has 10 headers, 1 X-headers)
[INTERCEPTOR:warmup]   cache preserved: 16 headers, 7 Shape tokens, age=253.1s
[WARMUP] Waiting for carts.target.com POST interception (up to 1.5s)...
[INTERCEPTOR:warmup]  POST https://carts.target.com/web_checkouts/v1/cart_items?field_groups=CART,CART_ITEM
[INTERCEPTOR:warmup] Captured 15 headers (Shape tokens: 6, prev cache had 6): ['Accept', 'Content-Type', 'Cookie', 'Origin', 'Referer', 'User-Agent', 'X-GyJwza5Z-a', 'X-GyJwza5Z-b', 'X-GyJwza5Z-c', 'X-GyJwza5Z-d', 'X-GyJwza5Z-f', 'X-GyJwza5Z-z', 'sec-ch-ua', 'sec-ch-ua-mobile', 'sec-ch-ua-platform']
[WARMUP] Shape headers captured successfully (age=0.1s): ['Accept', 'Content-Type', 'Cookie', 'Origin', 'Referer', 'User-Agent', 'X-GyJwza5Z-a', 'X-GyJwza5Z-b', 'X-GyJwza5Z-c', 'X-GyJwza5Z-d', 'X-GyJwza5Z-f', 'X-GyJwza5Z-z', 'sec-ch-ua', 'sec-ch-ua-mobile', 'sec-ch-ua-platform']
[SHAPE_RING] Consumed fresh capture (ts age=0.1s, 0 unused remaining of 4)
[PURCHASE] Warmup refresh complete, new headers age=0s
[PURCHASE] Injecting Shape headers (age=0s): ['Accept', 'Content-Type', 'Origin', 'User-Agent', 'X-GyJwza5Z-a', 'X-GyJwza5Z-b', 'X-GyJwza5Z-c', 'X-GyJwza5Z-d', 'X-GyJwza5Z-f', 'X-GyJwza5Z-z', 'sec-ch-ua', 'sec-ch-ua-mobile', 'sec-ch-ua-platform', 'x-application-name']
[PURCHASE] Firing ATC fetch qty=2 (t=0.86s)
[INTERCEPTOR:main]  POST https://carts.target.com/web_checkouts/v1/cart_items?field_groups=CART,CART_ITEM
[INTERCEPTOR:main] Captured 16 headers (Shape tokens: 6, prev cache had 6): ['Accept', 'Content-Type', 'Cookie', 'Origin', 'Referer', 'User-Agent', 'X-GyJwza5Z-a', 'X-GyJwza5Z-b', 'X-GyJwza5Z-c', 'X-GyJwza5Z-d', 'X-GyJwza5Z-f', 'X-GyJwza5Z-z', 'sec-ch-ua', 'sec-ch-ua-mobile', 'sec-ch-ua-platform', 'x-application-name']
[INTERCEPTOR:warmup] GET https://carts.target.com/web_checkouts/v1/cart_views?cart_type=SFL&field_groups= — skipping cache (not POST, has 9 headers, 1 X-headers)
[INTERCEPTOR:warmup]   cache preserved: 16 headers, 7 Shape tokens, age=0.0s
[STOCK] IN STOCK: 95163305
[02:44:49] [API_CYCLE] IN STOCK: ['95163305']
[PURCHASE] ATC fetch status: 401 body='{\n  "errorCode": "T83072242",\n  "errorKey": "_ERR_AUTH_DENIED",\n  "errorMessage": "Error Code T83072242. Sorry, something went wrong. Please refresh your browser and try again.",\n  "errorParameters": "",\n  "errorRefresh": "false"\n}' (t=1.11s)
[PURCHASE] ATC fetch 401 auth denied — refreshing Shape headers and retrying (t=1.11s)
[AUTH_FIX] Found 5 www.target.com-scoped cookies: ['lux_uid', 'kampyleUserSession', 'kampyleUserSessionsCount', 'kampyleUserPercentile', 'kampyleSessionPageCounter']
[AUTH_FIX] No cookies widened
[WARMUP] Skipping cart re-nav (last nav 1s ago, tab still warm)
[WARMUP] Firing dummy POST to trigger Shape header capture...
[WARMUP] Waiting for carts.target.com POST interception (up to 1.5s)...
[INTERCEPTOR:warmup]  POST https://carts.target.com/web_checkouts/v1/cart_items?field_groups=CART,CART_ITEM
[INTERCEPTOR:warmup] Captured 15 headers (Shape tokens: 6, prev cache had 6): ['Accept', 'Content-Type', 'Cookie', 'Origin', 'Referer', 'User-Agent', 'X-GyJwza5Z-a', 'X-GyJwza5Z-b', 'X-GyJwza5Z-c', 'X-GyJwza5Z-d', 'X-GyJwza5Z-f', 'X-GyJwza5Z-z', 'sec-ch-ua', 'sec-ch-ua-mobile', 'sec-ch-ua-platform']
[WARMUP] Shape headers captured successfully (age=0.1s): ['Accept', 'Content-Type', 'Cookie', 'Origin', 'Referer', 'User-Agent', 'X-GyJwza5Z-a', 'X-GyJwza5Z-b', 'X-GyJwza5Z-c', 'X-GyJwza5Z-d', 'X-GyJwza5Z-f', 'X-GyJwza5Z-z', 'sec-ch-ua', 'sec-ch-ua-mobile', 'sec-ch-ua-platform']
[INTERCEPTOR:main]  POST https://carts.target.com/web_checkouts/v1/cart_items?field_groups=CART,CART_ITEM
[INTERCEPTOR:main] Captured 16 headers (Shape tokens: 6, prev cache had 6): ['Accept', 'Content-Type', 'Cookie', 'Origin', 'Referer', 'User-Agent', 'X-GyJwza5Z-a', 'X-GyJwza5Z-b', 'X-GyJwza5Z-c', 'X-GyJwza5Z-d', 'X-GyJwza5Z-f', 'X-GyJwza5Z-z', 'sec-ch-ua', 'sec-ch-ua-mobile', 'sec-ch-ua-platform', 'x-application-name']
[PURCHASE] ATC fast-retry still 401 — sleeping 0.27s before second attempt (t=1.42s)
[SHAPE_RING] Consumed fresh capture (ts age=0.4s, 2 unused remaining of 4)
[INTERCEPTOR:main]  POST https://carts.target.com/web_checkouts/v1/cart_items?field_groups=CART,CART_ITEM
[INTERCEPTOR:main] Captured 16 headers (Shape tokens: 6, prev cache had 6): ['Accept', 'Content-Type', 'Cookie', 'Origin', 'Referer', 'User-Agent', 'X-GyJwza5Z-a', 'X-GyJwza5Z-b', 'X-GyJwza5Z-c', 'X-GyJwza5Z-d', 'X-GyJwza5Z-f', 'X-GyJwza5Z-z', 'sec-ch-ua', 'sec-ch-ua-mobile', 'sec-ch-ua-platform', 'x-application-name']
[PURCHASE] ATC retry-2 returned 401 — falling through to DOM polling fallback
[PURCHASE] Token ready — button enabled after 0.5s (t=2.37s)
[PURCHASE] Retrying ATC fetch — button enabled, write token ready (t=2.37s)
[INTERCEPTOR:main]  POST https://carts.target.com/web_checkouts/v1/cart_items?field_groups=CART,CART_ITEM
[INTERCEPTOR:main] Captured 16 headers (Shape tokens: 6, prev cache had 6): ['Accept', 'Content-Type', 'Cookie', 'Origin', 'Referer', 'User-Agent', 'X-GyJwza5Z-a', 'X-GyJwza5Z-b', 'X-GyJwza5Z-c', 'X-GyJwza5Z-d', 'X-GyJwza5Z-f', 'X-GyJwza5Z-z', 'sec-ch-ua', 'sec-ch-ua-mobile', 'sec-ch-ua-platform', 'x-application-name']
[PURCHASE] ATC fetch retry: 401 (t=2.53s)
[PURCHASE] ATC fetch retry still 401 — falling through to button click
[PURCHASE] Fetch ATC not confirmed, trying button click...
[SHIPPING] Checking for fulfillment options...
[SHIPPING] Warning: Timeout (0.5s) waiting for element with selector: '[data-test="fulfillment-cell-shipping"]'
[BUTTON_FIND] Searching for add-to-cart/preorder button...
[BUTTON_FIND] Found button: button[id^="addToCartButtonOrTextIdFor"]
[PURCHASE] ATC button clicked (t=3.30s)
[INTERCEPTOR:main]  POST https://carts.target.com/web_checkouts/v1/cart_items?field_groups=CART%2CCART_IT
[INTERCEPTOR:main] Captured 16 headers (Shape tokens: 6, prev cache had 6): ['Accept', 'Content-Type', 'Cookie', 'Origin', 'Referer', 'User-Agent', 'X-GyJwza5Z-a', 'X-GyJwza5Z-b', 'X-GyJwza5Z-c', 'X-GyJwza5Z-d', 'X-GyJwza5Z-f', 'X-GyJwza5Z-z', 'sec-ch-ua', 'sec-ch-ua-mobile', 'sec-ch-ua-platform', 'x-application-name']
[STOCK] IN STOCK: 95163305
[02:44:52] [API_CYCLE] IN STOCK: ['95163305']
[STOCK] IN STOCK: 95163305
[02:44:58] [API_CYCLE] IN STOCK: ['95163305']
[STOCK] IN STOCK: 95163305
[02:44:59] [API_CYCLE] IN STOCK: ['95163305']
[CART_SIGNAL] No signal within 8.0s
[PURCHASE] No late retry POST detected (last post age=8.3s, is_retry=False)
[STOCK] IN STOCK: 95163305
[02:45:02] [API_CYCLE] IN STOCK: ['95163305']
[STOCK] IN STOCK: 95163305
[02:45:03] [API_CYCLE] IN STOCK: ['95163305']
[STOCK] IN STOCK: 95163305
[02:45:07] [API_CYCLE] IN STOCK: ['95163305']
[STOCK] IN STOCK: 95163305
[02:45:10] [API_CYCLE] IN STOCK: ['95163305']
[STOCK] IN STOCK: 95163305
[02:45:18] [API_CYCLE] IN STOCK: ['95163305']
[STOCK] IN STOCK: 95163305
[02:45:21] [API_CYCLE] IN STOCK: ['95163305']
[STOCK] IN STOCK: 95163305
[02:45:24] [API_CYCLE] IN STOCK: ['95163305']
[STOCK] IN STOCK: 95163305
[02:45:26] [API_CYCLE] IN STOCK: ['95163305']
[STOCK] IN STOCK: 95163305
[02:45:27] [API_CYCLE] IN STOCK: ['95163305']
[PURCHASE] ATC failed: 'something went wrong' on page
[STOCK] IN STOCK: 95163305
[02:45:37] [API_CYCLE] IN STOCK: ['95163305']
[INTERCEPTOR:main] GET https://carts.target.com/web_checkouts/v1/lite_carts?cart_type=REGULAR&key=e59ce — skipping cache (not POST, has 9 headers, 1 X-headers)
[INTERCEPTOR:main]   cache preserved: 16 headers, 7 Shape tokens, age=45.9s
[INTERCEPTOR:main] PUT https://carts.target.com/web_checkouts/v1/cart?cart_type=REGULAR&field_groups=AD — skipping cache (not POST, has 10 headers, 1 X-headers)
[INTERCEPTOR:main]   cache preserved: 16 headers, 7 Shape tokens, age=46.1s
[INTERCEPTOR:main] GET https://carts.target.com/web_checkouts/v1/cart_views?cart_type=SFL&field_groups= — skipping cache (not POST, has 9 headers, 1 X-headers)
[INTERCEPTOR:main]   cache preserved: 16 headers, 7 Shape tokens, age=46.3s
[INTERCEPTOR:main] GET https://carts.target.com/web_checkouts/v1/cart?cart_type=REGULAR&field_groups=CA — skipping cache (not POST, has 8 headers, 0 X-headers)
[INTERCEPTOR:main]   cache preserved: 16 headers, 7 Shape tokens, age=46.6s
[CLEAR_CART_API] cart already empty (no cart_item_id)
[PURCHASE] CDP fetch interceptor disabled (cleanup) — all RequestPaused handlers removed
[REAL_PURCHASE_THREAD] [OK] Purchase execution completed: {'success': False, 'tcin': '95163305', 'reason': 'cart_addition_failed', 'execution_time': 50.09009504318237}
[REAL_PURCHASE_THREAD] Marked thread as completing: 95163305
[PURCHASE]  REAL purchase failed: 95163305 - cart_addition_failed
[REALTIME] 95163305 status changed to: failed
[02:45:38] [PURCHASE] Purchase failed: Pokémon Trading Card Game: Mega Evolution—Ascended Heroes Mega Meganium ex Box - cart_addition_failed
[REAL_PURCHASE_THREAD] ✅ State updated atomically, safe for next cycle
[SESSION] Purchase complete - validation resumed
[REAL_PURCHASE_THREAD] Removing 95163305 from active purchases
