================================================================================
[PURCHASE_TRIGGER] Product IN STOCK: Pokémon Trading Card Game: Mega Evolution—Ascended Heroes Mega Emboar ex Box (TCIN: 1008581387)
[PURCHASE_LOG] Saving to: C:\Users\Anuraj\Desktop\testScraper\logs\purchases\purchase_1008581387_20260515_030346.log
================================================================================
[PURCHASE_MODE] ✅ [REAL] Using REAL browser automation for 1008581387
[PURCHASE] Starting REAL purchase: Pokémon Trading Card Game: Mega Evolution—Ascended Heroes Mega Emboar ex Box (TCIN: 1008581387) - status: attempting
[REALTIME] 1008581387 status changed to: attempting
[PURCHASE] Dashboard notified immediately: 1008581387 -> attempting
[REAL_PURCHASE_THREAD] [INIT] Starting async purchase execution for 1008581387
[PURCHASE] CRITICAL RULE: 1008581387 IN STOCK + ready -> attempting (60s)
[DISPATCH] 1008581387 → W1/primary
[SESSION] Purchase in progress - validation paused
[PURCHASE] cdp_continued_ids cleared for new purchase (1008581387, qty=1)
[PURCHASE] Starting purchase for 1008581387
[REALTIME] 1008581387 status changed to: attempting
[INTERCEPTOR:main] cdp.fetch.enable() sent with pattern *carts.target.com* + checkout RESPONSE (attempt 1)
[INTERCEPTOR:main] Added cdp.fetch to enabled_domains
[INTERCEPTOR:main] CDP fetch interceptor ready (total RequestPaused handlers on tab: 1)
[SESSION_REUSE] Tab starting from: https://www.target.com/cart
[PURCHASE] purchase_limit from cache: 2 (cached 311s ago, skipping PDP nav)
[SHAPE_RING] Consumed fresh capture (ts age=65.2s, 2 unused remaining of 4)
[PURCHASE] Shape headers approaching TTL (age=65s) — refreshing warmup tab
[WARMUP] Skipping cart re-nav (last nav 69s ago, tab still warm)
[WARMUP] Firing dummy POST to trigger Shape header capture...
[WARMUP] Waiting for carts.target.com POST interception (up to 1.5s)...
[INTERCEPTOR:warmup]  POST https://carts.target.com/web_checkouts/v1/cart_items?field_groups=CART,CART_ITEM
[INTERCEPTOR:warmup] Captured 15 headers (Shape tokens: 6, prev cache had 6): ['Accept', 'Content-Type', 'Cookie', 'Origin', 'Referer', 'User-Agent', 'X-GyJwza5Z-a', 'X-GyJwza5Z-b', 'X-GyJwza5Z-c', 'X-GyJwza5Z-d', 'X-GyJwza5Z-f', 'X-GyJwza5Z-z', 'sec-ch-ua', 'sec-ch-ua-mobile', 'sec-ch-ua-platform']
[WARMUP] Shape headers captured successfully (age=0.1s): ['Accept', 'Content-Type', 'Cookie', 'Origin', 'Referer', 'User-Agent', 'X-GyJwza5Z-a', 'X-GyJwza5Z-b', 'X-GyJwza5Z-c', 'X-GyJwza5Z-d', 'X-GyJwza5Z-f', 'X-GyJwza5Z-z', 'sec-ch-ua', 'sec-ch-ua-mobile', 'sec-ch-ua-platform']
[SHAPE_RING] Consumed fresh capture (ts age=0.1s, 2 unused remaining of 4)
[PURCHASE] Warmup refresh complete, new headers age=0s
[PURCHASE] Injecting Shape headers (age=0s): ['Accept', 'Content-Type', 'Origin', 'User-Agent', 'X-GyJwza5Z-a', 'X-GyJwza5Z-b', 'X-GyJwza5Z-c', 'X-GyJwza5Z-d', 'X-GyJwza5Z-f', 'X-GyJwza5Z-z', 'sec-ch-ua', 'sec-ch-ua-mobile', 'sec-ch-ua-platform', 'x-application-name']
[PURCHASE] Firing ATC fetch qty=2 (t=0.17s)
[INTERCEPTOR:main]  POST https://carts.target.com/web_checkouts/v1/cart_items?field_groups=CART,CART_ITEM
[INTERCEPTOR:main] Captured 16 headers (Shape tokens: 6, prev cache had 6): ['Accept', 'Content-Type', 'Cookie', 'Origin', 'Referer', 'User-Agent', 'X-GyJwza5Z-a', 'X-GyJwza5Z-b', 'X-GyJwza5Z-c', 'X-GyJwza5Z-d', 'X-GyJwza5Z-f', 'X-GyJwza5Z-z', 'sec-ch-ua', 'sec-ch-ua-mobile', 'sec-ch-ua-platform', 'x-application-name']
[PURCHASE] ATC fetch status: 401 body='{\n  "errorCode": "T83072242",\n  "errorKey": "_ERR_AUTH_DENIED",\n  "errorMessage": "Error Code T83072242. Sorry, something went wrong. Please refresh your browser and try again.",\n  "errorParameters": "",\n  "errorRefresh": "false"\n}' (t=0.36s)
[PURCHASE] ATC fetch 401 auth denied — refreshing Shape headers and retrying (t=0.36s)
[AUTH_FIX] Found 6 www.target.com-scoped cookies: ['lux_uid', 'kampyleUserSession', 'kampyleUserSessionsCount', 'kampyleUserPercentile', 'kampyleSessionPageCounter', 'SwSPfmcX']
[AUTH_FIX] Re-injected 'SwSPfmcX' with domain .target.com
[WARMUP] Skipping cart re-nav (last nav 69s ago, tab still warm)
[WARMUP] Firing dummy POST to trigger Shape header capture...
[WARMUP] Waiting for carts.target.com POST interception (up to 1.5s)...
[INTERCEPTOR:warmup]  POST https://carts.target.com/web_checkouts/v1/cart_items?field_groups=CART,CART_ITEM
[INTERCEPTOR:warmup] Captured 15 headers (Shape tokens: 6, prev cache had 6): ['Accept', 'Content-Type', 'Cookie', 'Origin', 'Referer', 'User-Agent', 'X-GyJwza5Z-a', 'X-GyJwza5Z-b', 'X-GyJwza5Z-c', 'X-GyJwza5Z-d', 'X-GyJwza5Z-f', 'X-GyJwza5Z-z', 'sec-ch-ua', 'sec-ch-ua-mobile', 'sec-ch-ua-platform']
[WARMUP] Shape headers captured successfully (age=0.1s): ['Accept', 'Content-Type', 'Cookie', 'Origin', 'Referer', 'User-Agent', 'X-GyJwza5Z-a', 'X-GyJwza5Z-b', 'X-GyJwza5Z-c', 'X-GyJwza5Z-d', 'X-GyJwza5Z-f', 'X-GyJwza5Z-z', 'sec-ch-ua', 'sec-ch-ua-mobile', 'sec-ch-ua-platform']
[INTERCEPTOR:main]  POST https://carts.target.com/web_checkouts/v1/cart_items?field_groups=CART,CART_ITEM
[INTERCEPTOR:main] Captured 16 headers (Shape tokens: 6, prev cache had 6): ['Accept', 'Content-Type', 'Cookie', 'Origin', 'Referer', 'User-Agent', 'X-GyJwza5Z-a', 'X-GyJwza5Z-b', 'X-GyJwza5Z-c', 'X-GyJwza5Z-d', 'X-GyJwza5Z-f', 'X-GyJwza5Z-z', 'sec-ch-ua', 'sec-ch-ua-mobile', 'sec-ch-ua-platform', 'x-application-name']
[PURCHASE] ATC fast-retry still 401 — sleeping 0.29s before second attempt (t=0.66s)
[SHAPE_RING] Consumed fresh capture (ts age=0.4s, 2 unused remaining of 4)
[INTERCEPTOR:main]  POST https://carts.target.com/web_checkouts/v1/cart_items?field_groups=CART,CART_ITEM
[INTERCEPTOR:main] Captured 16 headers (Shape tokens: 6, prev cache had 6): ['Accept', 'Content-Type', 'Cookie', 'Origin', 'Referer', 'User-Agent', 'X-GyJwza5Z-a', 'X-GyJwza5Z-b', 'X-GyJwza5Z-c', 'X-GyJwza5Z-d', 'X-GyJwza5Z-f', 'X-GyJwza5Z-z', 'sec-ch-ua', 'sec-ch-ua-mobile', 'sec-ch-ua-platform', 'x-application-name']
[PURCHASE] ATC retry-2 returned 401 — falling through to DOM polling fallback
[PURCHASE] Skipping DOM polling (tab not on PDP, url=https://www.target.com/cart) — fast-retry was final attempt
[PURCHASE] ATC button absent — waiting up to 12.9s for readiness
[STOCK] IN STOCK: 1008581387
[03:03:49] [API_CYCLE] IN STOCK: ['1008581387']
[STOCK] IN STOCK: 1008581387
[03:03:52] [API_CYCLE] IN STOCK: ['1008581387']
[WARMUP_CYCLE] Cycle 60 W1/primary: headers_age=5s, in_progress=False
[WARMUP_CYCLE] W1/primary: skipping — headers fresh (5s old)
[STOCK] IN STOCK: 1008581387
[03:03:52] [API_CYCLE] IN STOCK: ['1008581387']
[STOCK] IN STOCK: 1008581387
[03:03:54] [API_CYCLE] IN STOCK: ['1008581387']
[STOCK] IN STOCK: 1008581387
[03:04:00] [API_CYCLE] IN STOCK: ['1008581387']
[READY] ATC button not ready after 12.890691041946411s
[PURCHASE] Button stayed disabled — attempting forced click
[STOCK] IN STOCK: 1008581387
[03:04:01] [API_CYCLE] IN STOCK: ['1008581387']
[PURCHASE] CDP fetch interceptor disabled (cleanup) — all RequestPaused handlers removed
[REAL_PURCHASE_THREAD] [OK] Purchase execution completed: {'success': False, 'tcin': '1008581387', 'reason': 'page_not_ready', 'execution_time': 15.701565742492676}
[REAL_PURCHASE_THREAD] Marked thread as completing: 1008581387
[PURCHASE]  REAL purchase failed: 1008581387 - page_not_ready
[REALTIME] 1008581387 status changed to: failed
[03:04:02] [PURCHASE] Purchase failed: Pokémon Trading Card Game: Mega Evolution—Ascended Heroes Mega Emboar ex Box - page_not_ready
[REAL_PURCHASE_THREAD] ✅ State updated atomically, safe for next cycle
[SESSION] Purchase complete - validation resumed
[REAL_PURCHASE_THREAD] Removing 1008581387 from active purchases
