================================================================================
[PURCHASE_TRIGGER] Product IN STOCK: Extra Sugar-Free Polar Ice Mint Chewing Gum - 35ct (TCIN: 50270379)
[PURCHASE_LOG] Saving to: C:\Users\elric\Desktop\testScraper\logs\purchases\purchase_50270379_20260506_191219.log
================================================================================
[PURCHASE_MODE] ✅ [REAL] Using REAL browser automation for 50270379
[PURCHASE] Starting REAL purchase: Extra Sugar-Free Polar Ice Mint Chewing Gum - 35ct (TCIN: 50270379) - status: attempting
[REALTIME] 50270379 status changed to: attempting
[PURCHASE] Dashboard notified immediately: 50270379 -> attempting
[REAL_PURCHASE_THREAD] [INIT] Starting async purchase execution for 50270379
[PURCHASE] CRITICAL RULE: 50270379 IN STOCK + ready -> attempting (60s)
[DISPATCH] 50270379 → W1/primary
[SESSION] Purchase in progress - validation paused
[STATE_CARRY] WARNING: 8 stale cdp_continued_ids from prior purchase — cleared
[PURCHASE] cdp_continued_ids cleared for new purchase (50270379, qty=1)
[PURCHASE] Starting purchase for 50270379
[REALTIME] 50270379 status changed to: attempting
[INTERCEPTOR:main] cdp.fetch.enable() sent with pattern *carts.target.com* + checkout RESPONSE (attempt 1)
[INTERCEPTOR:main] Added cdp.fetch to enabled_domains
[INTERCEPTOR:main] CDP fetch interceptor ready (total RequestPaused handlers on tab: 1)
[SESSION_REUSE] Tab starting from: https://www.target.com/checkout
[PURCHASE] Navigating to https://www.target.com/p/-/A-50270379
[STOCK] IN STOCK: 50270379
[19:12:20] [API_CYCLE] IN STOCK: ['50270379']
[PURCHASE] Navigation returned in 0.88s
[PURCHASE] purchase_limit from PDP fallback: 10 (was qty=1, lookup 0.14s)
[PURCHASE] Injecting Shape headers (age=2s): ['Accept', 'Content-Type', 'Origin', 'User-Agent', 'X-GyJwza5Z-a', 'X-GyJwza5Z-b', 'X-GyJwza5Z-c', 'X-GyJwza5Z-d', 'X-GyJwza5Z-f', 'X-GyJwza5Z-z', 'sec-ch-ua', 'sec-ch-ua-mobile', 'sec-ch-ua-platform', 'x-application-name']
[PURCHASE] Firing ATC fetch qty=10 (t=1.02s)
[STOCK] IN STOCK: 50270379
[19:12:21] [API_CYCLE] IN STOCK: ['50270379']
[INTERCEPTOR:main]  POST https://carts.target.com/web_checkouts/v1/cart_items?field_groups=CART,CART_ITEM
[INTERCEPTOR:main] Captured 16 headers (Shape X-headers: 7, prev cache had 7): ['Accept', 'Content-Type', 'Cookie', 'Origin', 'Referer', 'User-Agent', 'X-GyJwza5Z-a', 'X-GyJwza5Z-b', 'X-GyJwza5Z-c', 'X-GyJwza5Z-d', 'X-GyJwza5Z-f', 'X-GyJwza5Z-z', 'sec-ch-ua', 'sec-ch-ua-mobile', 'sec-ch-ua-platform', 'x-application-name']
[INTERCEPTOR:main] GET https://carts.target.com/web_checkouts/v1/cart?cart_type=REGULAR&field_groups=AD — skipping cache (not POST, has 9 headers, 1 X-headers)
[INTERCEPTOR:main]   cache preserved: 16 headers, 7 Shape tokens, age=0.2s
[PURCHASE] ATC fetch status: 201 (t=1.56s)
[PURCHASE] Fetch ATC succeeded (201), skipping cart signal wait
[PURCHASE] Cart confirmed (t=1.6s)
[INTERCEPTOR:main] GET https://carts.target.com/web_checkouts/v1/cart?cart_type=REGULAR&field_groups=CA — skipping cache (not POST, has 8 headers, 0 X-headers)
[INTERCEPTOR:main]   cache preserved: 16 headers, 7 Shape tokens, age=0.5s
[STOCK] IN STOCK: 50270379
[19:12:21] [API_CYCLE] IN STOCK: ['50270379']
[CART_STATE] 1 item(s) in cart before checkout: ['50270379x10']
[REALTIME] 50270379 status changed to: checking_out
[PURCHASE] pre_checkout fired (fire-and-forget) (t+0.018s)
[INTERCEPTOR:main]  POST https://carts.target.com/web_checkouts/v1/pre_checkout?cart_type=REGULAR&field_g
[INTERCEPTOR:main] Captured 16 headers (Shape X-headers: 7, prev cache had 7): ['Accept', 'Content-Type', 'Cookie', 'Origin', 'Referer', 'User-Agent', 'X-GyJwza5Z-a', 'X-GyJwza5Z-b', 'X-GyJwza5Z-c', 'X-GyJwza5Z-d', 'X-GyJwza5Z-f', 'X-GyJwza5Z-z', 'sec-ch-ua', 'sec-ch-ua-mobile', 'sec-ch-ua-platform', 'x-application-name']
[INTERCEPTOR:main]  POST https://carts.target.com/web_checkouts/v1/pre_checkout?cart_type=REGULAR&field_g
[INTERCEPTOR:main] Captured 10 headers (Shape X-headers: 1, prev cache had 7): ['Accept', 'Content-Type', 'Cookie', 'Origin', 'Referer', 'User-Agent', 'sec-ch-ua', 'sec-ch-ua-mobile', 'sec-ch-ua-platform', 'x-application-name']
