================================================================================
[PURCHASE_TRIGGER] Product IN STOCK: Extra Sugar-Free Polar Ice Mint Chewing Gum - 35ct (TCIN: 50270379)
[PURCHASE_LOG] Saving to: C:\Users\elric\Desktop\testScraper\logs\purchases\purchase_50270379_20260506_200815.log
================================================================================
[PURCHASE_MODE] ✅ [REAL] Using REAL browser automation for 50270379
[PURCHASE] Starting REAL purchase: Extra Sugar-Free Polar Ice Mint Chewing Gum - 35ct (TCIN: 50270379) - status: attempting
[REALTIME] 50270379 status changed to: attempting
[PURCHASE] Dashboard notified immediately: 50270379 -> attempting
[REAL_PURCHASE_THREAD] [INIT] Starting async purchase execution for 50270379
[PURCHASE] CRITICAL RULE: 50270379 IN STOCK + ready -> attempting (60s)
[DISPATCH] 50270379 → W1/primary
[SESSION] Purchase in progress - validation paused
[STATE_CARRY] WARNING: 8 stale cdp_continued_ids from prior purchase — cleared
[PURCHASE] cdp_continued_ids cleared for new purchase (50270379, qty=1)
[PURCHASE] Starting purchase for 50270379
[REALTIME] 50270379 status changed to: attempting
[INTERCEPTOR:main] cdp.fetch.enable() sent with pattern *carts.target.com* + checkout RESPONSE (attempt 1)
[INTERCEPTOR:main] Added cdp.fetch to enabled_domains
[INTERCEPTOR:main] CDP fetch interceptor ready (total RequestPaused handlers on tab: 1)
[SESSION_REUSE] Tab starting from: https://www.target.com/
[PURCHASE] Navigating to https://www.target.com/p/-/A-50270379
[STOCK] IN STOCK: 50270379
[20:08:16] [API_CYCLE] IN STOCK: ['50270379']
[INTERCEPTOR:main] GET https://carts.target.com/web_checkouts/v1/cart?cart_type=REGULAR&field_groups=AD — skipping cache (not POST, has 9 headers, 1 X-headers)
[INTERCEPTOR:main]   cache preserved: 15 headers, 6 Shape tokens, age=4.2s
[STOCK] IN STOCK: 50270379
[20:08:17] [API_CYCLE] IN STOCK: ['50270379']
[STOCK] IN STOCK: 50270379
[20:08:17] [API_CYCLE] IN STOCK: ['50270379']
[PURCHASE] Navigation returned in 2.56s
[PURCHASE] purchase_limit from PDP fallback: 10 (was qty=1, lookup 0.00s)
[PURCHASE] Injecting Shape headers (age=5s): ['Accept', 'Content-Type', 'Origin', 'User-Agent', 'X-GyJwza5Z-a', 'X-GyJwza5Z-b', 'X-GyJwza5Z-c', 'X-GyJwza5Z-d', 'X-GyJwza5Z-f', 'X-GyJwza5Z-z', 'sec-ch-ua', 'sec-ch-ua-mobile', 'sec-ch-ua-platform', 'x-application-name']
[PURCHASE] Firing ATC fetch qty=10 (t=3.06s)
[INTERCEPTOR:main] OPTIONS https://carts.target.com/web_checkouts/v1/cart_items?field_groups=CART,CART_ITEM — skipping cache (not POST, has 7 headers, 0 X-headers)
[INTERCEPTOR:main]   cache preserved: 15 headers, 6 Shape tokens, age=5.5s
[INTERCEPTOR:main]  POST https://carts.target.com/web_checkouts/v1/cart_items?field_groups=CART,CART_ITEM
[INTERCEPTOR:main] Captured 16 headers (Shape tokens: 6, prev cache had 6): ['Accept', 'Content-Type', 'Cookie', 'Origin', 'Referer', 'User-Agent', 'X-GyJwza5Z-a', 'X-GyJwza5Z-b', 'X-GyJwza5Z-c', 'X-GyJwza5Z-d', 'X-GyJwza5Z-f', 'X-GyJwza5Z-z', 'sec-ch-ua', 'sec-ch-ua-mobile', 'sec-ch-ua-platform', 'x-application-name']
[STOCK] IN STOCK: 50270379
[20:08:18] [API_CYCLE] IN STOCK: ['50270379']
[PURCHASE] ATC fetch status: 201 (t=3.39s)
[PURCHASE] Fetch ATC succeeded (201), skipping cart signal wait
[PURCHASE] Cart confirmed (t=3.4s)
[INTERCEPTOR:main] GET https://carts.target.com/web_checkouts/v1/cart?cart_type=REGULAR&field_groups=CA — skipping cache (not POST, has 8 headers, 0 X-headers)
[INTERCEPTOR:main]   cache preserved: 16 headers, 7 Shape tokens, age=0.3s
[STOCK] IN STOCK: 50270379
[20:08:19] [API_CYCLE] IN STOCK: ['50270379']
[CART_STATE] 1 item(s) in cart before checkout: ['50270379x10']
[REALTIME] 50270379 status changed to: checking_out
[PURCHASE] pre_checkout fired (fire-and-forget) (t+0.003s)
[INTERCEPTOR:main] OPTIONS https://carts.target.com/web_checkouts/v1/pre_checkout?cart_type=REGULAR&field_g — skipping cache (not POST, has 7 headers, 0 X-headers)
[INTERCEPTOR:main]   cache preserved: 16 headers, 7 Shape tokens, age=1.0s
[INTERCEPTOR:main]  POST https://carts.target.com/web_checkouts/v1/pre_checkout?cart_type=REGULAR&field_g
[INTERCEPTOR:main] Captured 16 headers (Shape tokens: 6, prev cache had 6): ['Accept', 'Content-Type', 'Cookie', 'Origin', 'Referer', 'User-Agent', 'X-GyJwza5Z-a', 'X-GyJwza5Z-b', 'X-GyJwza5Z-c', 'X-GyJwza5Z-d', 'X-GyJwza5Z-f', 'X-GyJwza5Z-z', 'sec-ch-ua', 'sec-ch-ua-mobile', 'sec-ch-ua-platform', 'x-application-name']
[INTERCEPTOR:main] OPTIONS https://carts.target.com/web_checkouts/v1/pre_checkout?cart_type=REGULAR&field_g — skipping cache (not POST, has 7 headers, 0 X-headers)
[INTERCEPTOR:main]   cache preserved: 16 headers, 7 Shape tokens, age=0.5s
[STOCK] IN STOCK: 50270379
[20:08:19] [API_CYCLE] IN STOCK: ['50270379']
[INTERCEPTOR:main]  POST https://carts.target.com/web_checkouts/v1/pre_checkout?cart_type=REGULAR&field_g
[INTERCEPTOR:main] Preserved cache (6 Shape tokens, age=0.6s) — new capture had only 0 Shape tokens
[PURCHASE] Checkout nav done (t+1.013s) landed=https://www.target.com/checkout/start
[INTERCEPTOR:main] OPTIONS https://carts.target.com/digital_checkouts/v1/cart_fulfillments/consolidations?k — skipping cache (not POST, has 7 headers, 0 X-headers)
[INTERCEPTOR:main]   cache preserved: 16 headers, 7 Shape tokens, age=1.4s
[INTERCEPTOR:main] GET https://carts.target.com/digital_checkouts/v1/cart_fulfillments/consolidations?k — skipping cache (not POST, has 9 headers, 1 X-headers)
[INTERCEPTOR:main]   cache preserved: 16 headers, 7 Shape tokens, age=1.4s
[PURCHASE] Checkout page ready (place_order) in 0.40s
[DELIVERY] Already in review state — skipping
[CHECKOUT_TRANSITION] ATC → Checkout → Payment phase starting (t=5.5s, co_state=place_order)
[PAYMENT] Starting checkout completion...
[PAYMENT] Page already confirmed ready (place_order) — skipping wait (t+0.000s)
[PAYMENT] FLOW A: Place Order already enabled — no S&C needed
[PAYMENT] TEST_MODE: going to cart
[STOCK] IN STOCK: 50270379
[20:08:20] [API_CYCLE] IN STOCK: ['50270379']
[INTERCEPTOR:main] GET https://carts.target.com/web_checkouts/v1/lite_carts?cart_type=REGULAR&key=e59ce — skipping cache (not POST, has 9 headers, 1 X-headers)
[INTERCEPTOR:main]   cache preserved: 16 headers, 7 Shape tokens, age=1.9s
[INTERCEPTOR:main] PUT https://carts.target.com/web_checkouts/v1/cart?cart_type=REGULAR&field_groups=AD — skipping cache (not POST, has 10 headers, 1 X-headers)
[INTERCEPTOR:main]   cache preserved: 16 headers, 7 Shape tokens, age=2.1s
[PURCHASE] Checkout complete (t=6.5s)
[STOCK] IN STOCK: 50270379
[20:08:21] [API_CYCLE] IN STOCK: ['50270379']
[INTERCEPTOR:main] GET https://carts.target.com/web_checkouts/v1/cart?cart_type=REGULAR&field_groups=CA — skipping cache (not POST, has 8 headers, 0 X-headers)
[INTERCEPTOR:main]   cache preserved: 16 headers, 7 Shape tokens, age=2.7s
[INTERCEPTOR:main] GET https://carts.target.com/web_checkouts/v1/cart_views?cart_type=SFL&field_groups= — skipping cache (not POST, has 9 headers, 1 X-headers)
[INTERCEPTOR:main]   cache preserved: 16 headers, 7 Shape tokens, age=2.7s
[CLEAR_CART_API] deleting 1 cart item(s) via API
[INTERCEPTOR:main] OPTIONS https://carts.target.com/web_checkouts/v1/cart_items/3b0f3f10-49b1-11f1-a513-2d7 — skipping cache (not POST, has 7 headers, 0 X-headers)
[INTERCEPTOR:main]   cache preserved: 16 headers, 7 Shape tokens, age=2.9s
[INTERCEPTOR:main] DELETE https://carts.target.com/web_checkouts/v1/cart_items/3b0f3f10-49b1-11f1-a513-2d7 — skipping cache (not POST, has 16 headers, 7 X-headers)
[INTERCEPTOR:main]   cache preserved: 16 headers, 7 Shape tokens, age=2.9s
[STOCK] IN STOCK: 50270379
[20:08:22] [API_CYCLE] IN STOCK: ['50270379']
[CLEAR_CART_API] DELETE 3b0f3f10… OK (200)
[CLEAR_CART] API path cleared regular items, SFL bucket empty — skipping DOM SFL loop
[STOCK] IN STOCK: 50270379
[20:08:23] [API_CYCLE] IN STOCK: ['50270379']
[STOCK] IN STOCK: 50270379
[20:08:24] [API_CYCLE] IN STOCK: ['50270379']
[STOCK] IN STOCK: 50270379
[20:08:24] [API_CYCLE] IN STOCK: ['50270379']
[PURCHASE] TEST_MODE: Cart cleared, cycle complete: 50270379 in 10.60s
[COOKIE_SAVE] Auth cookie 'login-session' -> PERSISTENT (30 days)
[COOKIE_SAVE] Auth cookie 'idToken' -> PERSISTENT (30 days)
[COOKIE_SAVE] Auth cookie 'accessToken' -> PERSISTENT (30 days)
[COOKIE_SAVE] Converted 13 session cookies to PERSISTENT
[SESSION] Saved sessionStorage (0 bytes)
[SESSION_SAVE] Session saved successfully to target.json
[REALTIME] 50270379 status changed to: purchased
[20:08:25] [PURCHASE] Purchase successful: 50270379 - Order: unknown
[PURCHASE] CDP fetch interceptor disabled (cleanup) — all RequestPaused handlers removed
[REAL_PURCHASE_THREAD] [OK] Purchase execution completed: {'success': True, 'tcin': '50270379', 'reason': 'order_confirmed', 'execution_time': 10.602025270462036, 'order_id': None, 'confirmation_url': 'https://www.target.com/cart'}
[REAL_PURCHASE_THREAD] Marked thread as completing: 50270379
[PURCHASE]  REAL purchase completed: 50270379 — order_id=None
[REALTIME] 50270379 status changed to: purchased
[20:08:25] [PURCHASE] Purchase successful: Extra Sugar-Free Polar Ice Mint Chewing Gum - 35ct - Order: unknown
[REAL_PURCHASE_THREAD] ✅ State updated atomically, safe for next cycle
[SESSION] Purchase complete - validation resumed
[REAL_PURCHASE_THREAD] Removing 50270379 from active purchases
