================================================================================
[PURCHASE_TRIGGER] Product IN STOCK: Pokémon Trading Card Game: Scarlet & Violet—Prismatic Evolutions Elite Trainer Box (TCIN: 1011206804)
[PURCHASE_LOG] Saving to: C:\Users\Anuraj\Desktop\testScraper\logs\purchases\purchase_1011206804_20260515_033213.log
================================================================================
[PURCHASE_MODE] ✅ [REAL] Using REAL browser automation for 1011206804
[PURCHASE] Starting REAL purchase: Pokémon Trading Card Game: Scarlet & Violet—Prismatic Evolutions Elite Trainer Box (TCIN: 1011206804) - status: attempting
[REALTIME] 1011206804 status changed to: attempting
[PURCHASE] Dashboard notified immediately: 1011206804 -> attempting
[REAL_PURCHASE_THREAD] [INIT] Starting async purchase execution for 1011206804
[PURCHASE] CRITICAL RULE: 1011206804 IN STOCK + ready -> attempting (60s)
[DISPATCH] 1011206804 → W1/primary
[SESSION] Purchase in progress - validation paused
[STATE_CARRY] WARNING: 4 stale cdp_continued_ids from prior purchase — cleared
[PURCHASE] cdp_continued_ids cleared for new purchase (1011206804, qty=1)
[PURCHASE] Starting purchase for 1011206804
[REALTIME] 1011206804 status changed to: attempting
[INTERCEPTOR:main] cdp.fetch.enable() sent with pattern *carts.target.com* + checkout RESPONSE (attempt 1)
[INTERCEPTOR:main] Added cdp.fetch to enabled_domains
[INTERCEPTOR:main] CDP fetch interceptor ready (total RequestPaused handlers on tab: 1)
[SESSION_REUSE] Tab starting from: https://www.target.com/cart
[PURCHASE] Navigating to https://www.target.com/p/-/A-1011206804 (PDP qty unknown)
[PURCHASE] Navigation returned in 0.56s
[PURCHASE] purchase_limit from PDP fallback: 2 (was qty=1, lookup 0.00s)
[SHAPE_RING] Consumed fresh capture (ts age=1023.5s, 2 unused remaining of 4)
[PURCHASE] Shape headers approaching TTL (age=1023s) — refreshing warmup tab
[WARMUP] Navigating warmup tab to cart (was at https://www.target.com/cart, age=1024s)
[INTERCEPTOR:warmup] GET https://carts.target.com/web_checkouts/v1/lite_carts?cart_type=REGULAR&key=e59ce — skipping cache (not POST, has 9 headers, 1 X-headers)
[INTERCEPTOR:warmup]   cache preserved: 15 headers, 6 Shape tokens, age=1023.9s
[WARMUP] Firing dummy POST to trigger Shape header capture...
[INTERCEPTOR:main] GET https://carts.target.com/web_checkouts/v1/cart?cart_type=REGULAR&field_groups=AD — skipping cache (not POST, has 9 headers, 1 X-headers)
[INTERCEPTOR:main]   cache preserved: 15 headers, 6 Shape tokens, age=1024.0s
[WARMUP] Waiting for carts.target.com POST interception (up to 1.5s)...
[INTERCEPTOR:warmup]  POST https://carts.target.com/web_checkouts/v1/cart_items?field_groups=CART,CART_ITEM
[INTERCEPTOR:warmup] Captured 15 headers (Shape tokens: 6, prev cache had 6): ['Accept', 'Content-Type', 'Cookie', 'Origin', 'Referer', 'User-Agent', 'X-GyJwza5Z-a', 'X-GyJwza5Z-b', 'X-GyJwza5Z-c', 'X-GyJwza5Z-d', 'X-GyJwza5Z-f', 'X-GyJwza5Z-z', 'sec-ch-ua', 'sec-ch-ua-mobile', 'sec-ch-ua-platform']
[WARMUP] Shape headers captured successfully (age=0.1s): ['Accept', 'Content-Type', 'Cookie', 'Origin', 'Referer', 'User-Agent', 'X-GyJwza5Z-a', 'X-GyJwza5Z-b', 'X-GyJwza5Z-c', 'X-GyJwza5Z-d', 'X-GyJwza5Z-f', 'X-GyJwza5Z-z', 'sec-ch-ua', 'sec-ch-ua-mobile', 'sec-ch-ua-platform']
[SHAPE_RING] Consumed fresh capture (ts age=0.1s, 1 unused remaining of 4)
[PURCHASE] Warmup refresh complete, new headers age=0s
[PURCHASE] Injecting Shape headers (age=0s): ['Accept', 'Content-Type', 'Origin', 'User-Agent', 'X-GyJwza5Z-a', 'X-GyJwza5Z-b', 'X-GyJwza5Z-c', 'X-GyJwza5Z-d', 'X-GyJwza5Z-f', 'X-GyJwza5Z-z', 'sec-ch-ua', 'sec-ch-ua-mobile', 'sec-ch-ua-platform', 'x-application-name']
[PURCHASE] Firing ATC fetch qty=2 (t=1.21s)
[INTERCEPTOR:main]  POST https://carts.target.com/web_checkouts/v1/cart_items?field_groups=CART,CART_ITEM
[INTERCEPTOR:main] Captured 16 headers (Shape tokens: 6, prev cache had 6): ['Accept', 'Content-Type', 'Cookie', 'Origin', 'Referer', 'User-Agent', 'X-GyJwza5Z-a', 'X-GyJwza5Z-b', 'X-GyJwza5Z-c', 'X-GyJwza5Z-d', 'X-GyJwza5Z-f', 'X-GyJwza5Z-z', 'sec-ch-ua', 'sec-ch-ua-mobile', 'sec-ch-ua-platform', 'x-application-name']
[INTERCEPTOR:warmup] PUT https://carts.target.com/web_checkouts/v1/cart?cart_type=REGULAR&field_groups=AD — skipping cache (not POST, has 10 headers, 1 X-headers)
[INTERCEPTOR:warmup]   cache preserved: 16 headers, 7 Shape tokens, age=0.0s
[INTERCEPTOR:warmup] GET https://carts.target.com/web_checkouts/v1/cart_views?cart_type=SFL&field_groups= — skipping cache (not POST, has 9 headers, 1 X-headers)
[INTERCEPTOR:warmup]   cache preserved: 16 headers, 7 Shape tokens, age=0.3s
[PURCHASE] ATC fetch status: 429 body='{"message":"Rate Limited","code":"DCO_RATE_LIMITED","alerts":[{"message":"Request throttled due to high demand item","code":"FAST_SELLING_ITEM_RATE_LIMIT_EXCEPTION","level":"ERROR"}]}' (t=1.57s)
[CART_SIGNAL] No signal within 1.5s
[PURCHASE] Fetch ATC not confirmed, trying button click...
[SHIPPING] Checking for fulfillment options...
[SHIPPING] Warning: Timeout (0.5s) waiting for element with selector: '[data-test="fulfillment-cell-shipping"]'
[BUTTON_FIND] Searching for add-to-cart/preorder button...
[BUTTON_FIND] Found button: button[id^="addToCartButtonOrTextIdFor"]
[PURCHASE] ATC button clicked (t=4.33s)
[CART_SIGNAL] No signal within 4.0s
[INTERCEPTOR:main]  POST https://carts.target.com/web_checkouts/v1/cart_items?field_groups=CART%2CCART_IT
[INTERCEPTOR:main] Captured 16 headers (Shape tokens: 6, prev cache had 6): ['Accept', 'Content-Type', 'Cookie', 'Origin', 'Referer', 'User-Agent', 'X-GyJwza5Z-a', 'X-GyJwza5Z-b', 'X-GyJwza5Z-c', 'X-GyJwza5Z-d', 'X-GyJwza5Z-f', 'X-GyJwza5Z-z', 'sec-ch-ua', 'sec-ch-ua-mobile', 'sec-ch-ua-platform', 'x-application-name']
[PURCHASE] ATC failed: 'something went wrong' on page
[INTERCEPTOR:main] GET https://carts.target.com/web_checkouts/v1/lite_carts?cart_type=REGULAR&key=e59ce — skipping cache (not POST, has 9 headers, 1 X-headers)
[INTERCEPTOR:main]   cache preserved: 16 headers, 7 Shape tokens, age=109.6s
[INTERCEPTOR:main] PUT https://carts.target.com/web_checkouts/v1/cart?cart_type=REGULAR&field_groups=AD — skipping cache (not POST, has 10 headers, 1 X-headers)
[INTERCEPTOR:main]   cache preserved: 16 headers, 7 Shape tokens, age=109.8s
[INTERCEPTOR:main] GET https://carts.target.com/web_checkouts/v1/cart?cart_type=REGULAR&field_groups=CA — skipping cache (not POST, has 8 headers, 0 X-headers)
[INTERCEPTOR:main]   cache preserved: 16 headers, 7 Shape tokens, age=109.9s
[INTERCEPTOR:main] GET https://carts.target.com/web_checkouts/v1/cart_views?cart_type=SFL&field_groups= — skipping cache (not POST, has 9 headers, 1 X-headers)
[INTERCEPTOR:main]   cache preserved: 16 headers, 7 Shape tokens, age=110.0s
[CLEAR_CART_API] cart already empty (no cart_item_id)
[PURCHASE] CDP fetch interceptor disabled (cleanup) — all RequestPaused handlers removed
[REAL_PURCHASE_THREAD] [OK] Purchase execution completed: {'success': False, 'tcin': '1011206804', 'reason': 'cart_addition_failed', 'execution_time': 118.78630685806274}
[REAL_PURCHASE_THREAD] Marked thread as completing: 1011206804
[PURCHASE]  REAL purchase failed: 1011206804 - cart_addition_failed
[REALTIME] 1011206804 status changed to: failed
[03:34:12] [PURCHASE] Purchase failed: Pokémon Trading Card Game: Scarlet & Violet—Prismatic Evolutions Elite Trainer Box - cart_addition_failed
[REAL_PURCHASE_THREAD] ✅ State updated atomically, safe for next cycle
[SESSION] Purchase complete - validation resumed
[REAL_PURCHASE_THREAD] Removing 1011206804 from active purchases
