================================================================================
[PURCHASE_TRIGGER] Product IN STOCK: Extra Sugar-Free Polar Ice Mint Chewing Gum - 35ct (TCIN: 50270379)
[PURCHASE_LOG] Saving to: C:\Users\elric\Desktop\testScraper\logs\purchases\purchase_50270379_20260506_200848.log
================================================================================
[PURCHASE_MODE] ✅ [REAL] Using REAL browser automation for 50270379
[PURCHASE] Starting REAL purchase: Extra Sugar-Free Polar Ice Mint Chewing Gum - 35ct (TCIN: 50270379) - status: attempting
[REALTIME] 50270379 status changed to: attempting
[PURCHASE] Dashboard notified immediately: 50270379 -> attempting
[REAL_PURCHASE_THREAD] [INIT] Starting async purchase execution for 50270379
[DISPATCH] 50270379 → W1/primary
[SESSION] Purchase in progress - validation paused
[PURCHASE] CRITICAL RULE: 50270379 IN STOCK + ready -> attempting (60s)
[STATE_CARRY] WARNING: 14 stale cdp_continued_ids from prior purchase — cleared
[PURCHASE] cdp_continued_ids cleared for new purchase (50270379, qty=1)
[PURCHASE] Starting purchase for 50270379
[REALTIME] 50270379 status changed to: attempting
[INTERCEPTOR:main] cdp.fetch.enable() sent with pattern *carts.target.com* + checkout RESPONSE (attempt 1)
[INTERCEPTOR:main] Added cdp.fetch to enabled_domains
[INTERCEPTOR:main] CDP fetch interceptor ready (total RequestPaused handlers on tab: 1)
[SESSION_REUSE] Tab starting from: https://www.target.com/cart
[PURCHASE] Navigating to https://www.target.com/p/-/A-50270379
[STOCK] IN STOCK: 50270379
[20:08:49] [API_CYCLE] IN STOCK: ['50270379']
[INTERCEPTOR:main] GET https://carts.target.com/web_checkouts/v1/cart?cart_type=REGULAR&field_groups=AD — skipping cache (not POST, has 9 headers, 1 X-headers)
[INTERCEPTOR:main]   cache preserved: 16 headers, 7 Shape tokens, age=7.4s
[STOCK] IN STOCK: 50270379
[20:08:50] [API_CYCLE] IN STOCK: ['50270379']
[STOCK] IN STOCK: 50270379
[20:08:50] [API_CYCLE] IN STOCK: ['50270379']


============================================================
SHUTTING DOWN - Saving session and closing browser...
============================================================


============================================================
SHUTTING DOWN - Saving session and closing browser...
============================================================


============================================================
SHUTTING DOWN - Saving session and closing browser...
============================================================


============================================================
SHUTTING DOWN - Saving session and closing browser...
============================================================
[CLEANUP] taskkill /F /T /PID 17676 (fallback)
============================================================
Goodbye!
============================================================
