================================================================================
[PURCHASE_TRIGGER] Product IN STOCK: Pokémon Trading Card Game: Mega Evolution—Ascended Heroes Mega Feraligatr ex Box (TCIN: 95163306)
[PURCHASE_LOG] Saving to: C:\Users\Anuraj\Desktop\testScraper\logs\purchases\purchase_95163306_20260515_022543.log
================================================================================
[PURCHASE_MODE] ✅ [REAL] Using REAL browser automation for 95163306
[PURCHASE] Starting REAL purchase: Pokémon Trading Card Game: Mega Evolution—Ascended Heroes Mega Feraligatr ex Box (TCIN: 95163306) - status: attempting
[REALTIME] 95163306 status changed to: attempting
[PURCHASE] Dashboard notified immediately: 95163306 -> attempting
[REAL_PURCHASE_THREAD] [INIT] Starting async purchase execution for 95163306
[PURCHASE] CRITICAL RULE: 95163306 IN STOCK + ready -> attempting (60s)
[DISPATCH] 95163306 → W1/primary
[SESSION] Purchase in progress - validation paused
[PURCHASE] cdp_continued_ids cleared for new purchase (95163306, qty=1)
[PURCHASE] Starting purchase for 95163306
[REALTIME] 95163306 status changed to: attempting
[INTERCEPTOR:main] cdp.fetch.enable() sent with pattern *carts.target.com* + checkout RESPONSE (attempt 1)
[INTERCEPTOR:main] Added cdp.fetch to enabled_domains
[INTERCEPTOR:main] CDP fetch interceptor ready (total RequestPaused handlers on tab: 1)
[SESSION_REUSE] Tab starting from: https://www.target.com/p/-/A-95163306
[PURCHASE] purchase_limit from cache: 2 (cached 304s ago, skipping PDP nav)
[SHAPE_RING] Consumed fresh capture (ts age=289.0s, 3 unused remaining of 4)
[PURCHASE] Shape headers approaching TTL (age=289s) — refreshing warmup tab
[WARMUP] Navigating warmup tab to cart (was at https://www.target.com/cart, age=304s)
[INTERCEPTOR:warmup] GET https://carts.target.com/web_checkouts/v1/lite_carts?cart_type=REGULAR&key=e59ce — skipping cache (not POST, has 9 headers, 1 X-headers)
[INTERCEPTOR:warmup]   cache preserved: 16 headers, 7 Shape tokens, age=289.4s
[INTERCEPTOR:warmup] PUT https://carts.target.com/web_checkouts/v1/cart?cart_type=REGULAR&field_groups=AD — skipping cache (not POST, has 10 headers, 1 X-headers)
[INTERCEPTOR:warmup]   cache preserved: 16 headers, 7 Shape tokens, age=289.7s
[WARMUP] Firing dummy POST to trigger Shape header capture...
[WARMUP] Waiting for carts.target.com POST interception (up to 1.5s)...
[INTERCEPTOR:warmup]  POST https://carts.target.com/web_checkouts/v1/cart_items?field_groups=CART,CART_ITEM
[INTERCEPTOR:warmup] Captured 15 headers (Shape tokens: 6, prev cache had 6): ['Accept', 'Content-Type', 'Cookie', 'Origin', 'Referer', 'User-Agent', 'X-GyJwza5Z-a', 'X-GyJwza5Z-b', 'X-GyJwza5Z-c', 'X-GyJwza5Z-d', 'X-GyJwza5Z-f', 'X-GyJwza5Z-z', 'sec-ch-ua', 'sec-ch-ua-mobile', 'sec-ch-ua-platform']
[INTERCEPTOR:warmup] GET https://carts.target.com/web_checkouts/v1/cart_views?cart_type=SFL&field_groups= — skipping cache (not POST, has 9 headers, 1 X-headers)
[INTERCEPTOR:warmup]   cache preserved: 15 headers, 6 Shape tokens, age=0.1s
[WARMUP] Shape headers captured successfully (age=0.1s): ['Accept', 'Content-Type', 'Cookie', 'Origin', 'Referer', 'User-Agent', 'X-GyJwza5Z-a', 'X-GyJwza5Z-b', 'X-GyJwza5Z-c', 'X-GyJwza5Z-d', 'X-GyJwza5Z-f', 'X-GyJwza5Z-z', 'sec-ch-ua', 'sec-ch-ua-mobile', 'sec-ch-ua-platform']
[SHAPE_RING] Consumed fresh capture (ts age=0.1s, 2 unused remaining of 4)
[PURCHASE] Warmup refresh complete, new headers age=0s
[PURCHASE] Injecting Shape headers (age=0s): ['Accept', 'Content-Type', 'Origin', 'User-Agent', 'X-GyJwza5Z-a', 'X-GyJwza5Z-b', 'X-GyJwza5Z-c', 'X-GyJwza5Z-d', 'X-GyJwza5Z-f', 'X-GyJwza5Z-z', 'sec-ch-ua', 'sec-ch-ua-mobile', 'sec-ch-ua-platform', 'x-application-name']
[PURCHASE] Firing ATC fetch qty=2 (t=0.88s)
[INTERCEPTOR:main]  POST https://carts.target.com/web_checkouts/v1/cart_items?field_groups=CART,CART_ITEM
[INTERCEPTOR:main] Captured 16 headers (Shape tokens: 6, prev cache had 6): ['Accept', 'Content-Type', 'Cookie', 'Origin', 'Referer', 'User-Agent', 'X-GyJwza5Z-a', 'X-GyJwza5Z-b', 'X-GyJwza5Z-c', 'X-GyJwza5Z-d', 'X-GyJwza5Z-f', 'X-GyJwza5Z-z', 'sec-ch-ua', 'sec-ch-ua-mobile', 'sec-ch-ua-platform', 'x-application-name']
[PURCHASE] ATC fetch status: 401 body='{\n  "errorCode": "T83072242",\n  "errorKey": "_ERR_AUTH_DENIED",\n  "errorMessage": "Error Code T83072242. Sorry, something went wrong. Please refresh your browser and try again.",\n  "errorParameters": "",\n  "errorRefresh": "false"\n}' (t=1.07s)
[PURCHASE] ATC fetch 401 auth denied — refreshing Shape headers and retrying (t=1.07s)
[AUTH_FIX] Found 6 www.target.com-scoped cookies: ['lux_uid', 'SwSPfmcX', 'kampyleUserSession', 'kampyleUserSessionsCount', 'kampyleUserPercentile', 'kampyleSessionPageCounter']
[AUTH_FIX] Re-injected 'SwSPfmcX' with domain .target.com
[WARMUP] Skipping cart re-nav (last nav 1s ago, tab still warm)
[WARMUP] Firing dummy POST to trigger Shape header capture...
[WARMUP] Waiting for carts.target.com POST interception (up to 1.5s)...
[INTERCEPTOR:warmup]  POST https://carts.target.com/web_checkouts/v1/cart_items?field_groups=CART,CART_ITEM
[INTERCEPTOR:warmup] Captured 15 headers (Shape tokens: 6, prev cache had 6): ['Accept', 'Content-Type', 'Cookie', 'Origin', 'Referer', 'User-Agent', 'X-GyJwza5Z-a', 'X-GyJwza5Z-b', 'X-GyJwza5Z-c', 'X-GyJwza5Z-d', 'X-GyJwza5Z-f', 'X-GyJwza5Z-z', 'sec-ch-ua', 'sec-ch-ua-mobile', 'sec-ch-ua-platform']
[WARMUP] Shape headers captured successfully (age=0.1s): ['Accept', 'Content-Type', 'Cookie', 'Origin', 'Referer', 'User-Agent', 'X-GyJwza5Z-a', 'X-GyJwza5Z-b', 'X-GyJwza5Z-c', 'X-GyJwza5Z-d', 'X-GyJwza5Z-f', 'X-GyJwza5Z-z', 'sec-ch-ua', 'sec-ch-ua-mobile', 'sec-ch-ua-platform']
[INTERCEPTOR:main]  POST https://carts.target.com/web_checkouts/v1/cart_items?field_groups=CART,CART_ITEM
[INTERCEPTOR:main] Captured 16 headers (Shape tokens: 6, prev cache had 6): ['Accept', 'Content-Type', 'Cookie', 'Origin', 'Referer', 'User-Agent', 'X-GyJwza5Z-a', 'X-GyJwza5Z-b', 'X-GyJwza5Z-c', 'X-GyJwza5Z-d', 'X-GyJwza5Z-f', 'X-GyJwza5Z-z', 'sec-ch-ua', 'sec-ch-ua-mobile', 'sec-ch-ua-platform', 'x-application-name']
[PURCHASE] ATC fast-retry still 401 — sleeping 0.36s before second attempt (t=1.43s)
[SHAPE_RING] Consumed fresh capture (ts age=0.5s, 2 unused remaining of 4)
[INTERCEPTOR:main]  POST https://carts.target.com/web_checkouts/v1/cart_items?field_groups=CART,CART_ITEM
[INTERCEPTOR:main] Captured 16 headers (Shape tokens: 6, prev cache had 6): ['Accept', 'Content-Type', 'Cookie', 'Origin', 'Referer', 'User-Agent', 'X-GyJwza5Z-a', 'X-GyJwza5Z-b', 'X-GyJwza5Z-c', 'X-GyJwza5Z-d', 'X-GyJwza5Z-f', 'X-GyJwza5Z-z', 'sec-ch-ua', 'sec-ch-ua-mobile', 'sec-ch-ua-platform', 'x-application-name']
[PURCHASE] ATC retry-2 returned 401 — falling through to DOM polling fallback
[PURCHASE] Token ready — button enabled after 0.5s (t=2.60s)
[PURCHASE] Retrying ATC fetch — button enabled, write token ready (t=2.60s)
[INTERCEPTOR:main]  POST https://carts.target.com/web_checkouts/v1/cart_items?field_groups=CART,CART_ITEM
[INTERCEPTOR:main] Captured 16 headers (Shape tokens: 6, prev cache had 6): ['Accept', 'Content-Type', 'Cookie', 'Origin', 'Referer', 'User-Agent', 'X-GyJwza5Z-a', 'X-GyJwza5Z-b', 'X-GyJwza5Z-c', 'X-GyJwza5Z-d', 'X-GyJwza5Z-f', 'X-GyJwza5Z-z', 'sec-ch-ua', 'sec-ch-ua-mobile', 'sec-ch-ua-platform', 'x-application-name']
[PURCHASE] ATC fetch retry: 401 (t=2.76s)
[PURCHASE] ATC fetch retry still 401 — falling through to button click
[PURCHASE] Fetch ATC not confirmed, trying button click...
[DISMISS] Error flyout dismissed
[SHIPPING] Checking for fulfillment options...
[SHIPPING] Warning: Timeout (0.5s) waiting for element with selector: '[data-test="fulfillment-cell-shipping"]'
[BUTTON_FIND] Searching for add-to-cart/preorder button...
[BUTTON_FIND] Found button: button[id^="addToCartButtonOrTextIdFor"]
[PURCHASE] ATC button clicked (t=3.92s)
[INTERCEPTOR:main]  POST https://carts.target.com/web_checkouts/v1/cart_items?field_groups=CART%2CCART_IT
[INTERCEPTOR:main] Captured 16 headers (Shape tokens: 6, prev cache had 6): ['Accept', 'Content-Type', 'Cookie', 'Origin', 'Referer', 'User-Agent', 'X-GyJwza5Z-a', 'X-GyJwza5Z-b', 'X-GyJwza5Z-c', 'X-GyJwza5Z-d', 'X-GyJwza5Z-f', 'X-GyJwza5Z-z', 'sec-ch-ua', 'sec-ch-ua-mobile', 'sec-ch-ua-platform', 'x-application-name']
[CART_SIGNAL] No signal within 8.0s
[PURCHASE] No late retry POST detected (last post age=8.3s, is_retry=False)
[PURCHASE_FORCE_COMPLETE] 95163306 REAL purchase timeout after 120.6s, forcing completion
[PURCHASE] Purchase failed: Pokémon Trading Card Game: Mega Evolution—Ascended Heroes Mega Feraligatr ex Box - Reason: None
[REALTIME] 95163306 status changed to: failed
[02:27:44] [PURCHASE] Purchase failed: Pokémon Trading Card Game: Mega Evolution—Ascended Heroes Mega Feraligatr ex Box - None
[PURCHASE_MANAGER] Completed 1 purchases
[PURCHASE_MANAGER] 95163306 -> failed
[PURCHASE] CDP fetch interceptor disabled (cleanup) — all RequestPaused handlers removed
[REAL_PURCHASE_THREAD] [OK] Purchase execution completed: {'success': False, 'tcin': '95163306', 'reason': 'lock_timeout', 'error': 'Could not acquire page lock within 120 seconds'}
[REAL_PURCHASE_THREAD] Marked thread as completing: 95163306
[PURCHASE] Warning: 95163306 state is 'failed' (not 'attempting') — purchase thread finished late. Still applying result.
[PURCHASE]  REAL purchase failed: 95163306 - lock_timeout
[REALTIME] 95163306 status changed to: failed
[02:28:03] [PURCHASE] Purchase failed: 95163306 - lock_timeout
[REAL_PURCHASE_THREAD] ✅ State updated atomically, safe for next cycle
[SESSION] Purchase complete - validation resumed
[REAL_PURCHASE_THREAD] Removing 95163306 from active purchases
