================================================================================
[PURCHASE_TRIGGER] Product IN STOCK: Extra Sugar-Free Polar Ice Mint Chewing Gum - 35ct (TCIN: 50270379)
[PURCHASE_LOG] Saving to: C:\Users\elric\Desktop\testScraper\logs\purchases\purchase_50270379_20260506_195211.log
================================================================================
[PURCHASE_MODE] ✅ [REAL] Using REAL browser automation for 50270379
[PURCHASE] Starting REAL purchase: Extra Sugar-Free Polar Ice Mint Chewing Gum - 35ct (TCIN: 50270379) - status: attempting
[REALTIME] 50270379 status changed to: attempting
[PURCHASE] Dashboard notified immediately: 50270379 -> attempting
[REAL_PURCHASE_THREAD] [INIT] Starting async purchase execution for 50270379
[PURCHASE] CRITICAL RULE: 50270379 IN STOCK + ready -> attempting (60s)
[DISPATCH] 50270379 → W1/primary
[SESSION] Purchase in progress - validation paused
[STATE_CARRY] WARNING: 8 stale cdp_continued_ids from prior purchase — cleared
[PURCHASE] cdp_continued_ids cleared for new purchase (50270379, qty=1)
[PURCHASE] Starting purchase for 50270379
[REALTIME] 50270379 status changed to: attempting
[INTERCEPTOR:main] cdp.fetch.enable() sent with pattern *carts.target.com* + checkout RESPONSE (attempt 1)
[INTERCEPTOR:main] Added cdp.fetch to enabled_domains
[INTERCEPTOR:main] CDP fetch interceptor ready (total RequestPaused handlers on tab: 1)
[SESSION_REUSE] Tab starting from: https://www.target.com/
[PURCHASE] Navigating to https://www.target.com/p/-/A-50270379
[STOCK] IN STOCK: 50270379
[19:52:12] [API_CYCLE] IN STOCK: ['50270379']
[PURCHASE] Navigation returned in 1.24s
[PURCHASE] purchase_limit from PDP fallback: 10 (was qty=1, lookup 0.12s)
[PURCHASE] Injecting Shape headers (age=4s): ['Accept', 'Content-Type', 'Origin', 'User-Agent', 'X-GyJwza5Z-a', 'X-GyJwza5Z-b', 'X-GyJwza5Z-c', 'X-GyJwza5Z-d', 'X-GyJwza5Z-f', 'X-GyJwza5Z-z', 'sec-ch-ua', 'sec-ch-ua-mobile', 'sec-ch-ua-platform', 'x-application-name']
[PURCHASE] Firing ATC fetch qty=10 (t=1.68s)
[INTERCEPTOR:main] OPTIONS https://carts.target.com/web_checkouts/v1/cart_items?field_groups=CART,CART_ITEM — skipping cache (not POST, has 7 headers, 0 X-headers)
[INTERCEPTOR:main]   cache preserved: 15 headers, 6 Shape tokens, age=4.2s
[INTERCEPTOR:main]  POST https://carts.target.com/web_checkouts/v1/cart_items?field_groups=CART,CART_ITEM
[INTERCEPTOR:main] Captured 16 headers (Shape tokens: 6, prev cache had 6): ['Accept', 'Content-Type', 'Cookie', 'Origin', 'Referer', 'User-Agent', 'X-GyJwza5Z-a', 'X-GyJwza5Z-b', 'X-GyJwza5Z-c', 'X-GyJwza5Z-d', 'X-GyJwza5Z-f', 'X-GyJwza5Z-z', 'sec-ch-ua', 'sec-ch-ua-mobile', 'sec-ch-ua-platform', 'x-application-name']
[INTERCEPTOR:main] GET https://carts.target.com/web_checkouts/v1/cart?cart_type=REGULAR&field_groups=AD — skipping cache (not POST, has 9 headers, 1 X-headers)
[INTERCEPTOR:main]   cache preserved: 16 headers, 7 Shape tokens, age=0.0s
[PURCHASE] ATC fetch status: 201 (t=2.23s)
[PURCHASE] Fetch ATC succeeded (201), skipping cart signal wait
[PURCHASE] Cart confirmed (t=2.2s)
[INTERCEPTOR:main] GET https://carts.target.com/web_checkouts/v1/cart?cart_type=REGULAR&field_groups=CA — skipping cache (not POST, has 8 headers, 0 X-headers)
[INTERCEPTOR:main]   cache preserved: 16 headers, 7 Shape tokens, age=0.4s
[CART_STATE] 1 item(s) in cart before checkout: ['50270379x10']
[REALTIME] 50270379 status changed to: checking_out
[PURCHASE] pre_checkout fired (fire-and-forget) (t+0.012s)
[INTERCEPTOR:main] OPTIONS https://carts.target.com/web_checkouts/v1/pre_checkout?cart_type=REGULAR&field_g — skipping cache (not POST, has 7 headers, 0 X-headers)
[INTERCEPTOR:main]   cache preserved: 16 headers, 7 Shape tokens, age=0.9s
[INTERCEPTOR:main]  POST https://carts.target.com/web_checkouts/v1/pre_checkout?cart_type=REGULAR&field_g
[INTERCEPTOR:main] Captured 16 headers (Shape tokens: 6, prev cache had 6): ['Accept', 'Content-Type', 'Cookie', 'Origin', 'Referer', 'User-Agent', 'X-GyJwza5Z-a', 'X-GyJwza5Z-b', 'X-GyJwza5Z-c', 'X-GyJwza5Z-d', 'X-GyJwza5Z-f', 'X-GyJwza5Z-z', 'sec-ch-ua', 'sec-ch-ua-mobile', 'sec-ch-ua-platform', 'x-application-name']
[STOCK] IN STOCK: 50270379
[19:52:14] [API_CYCLE] IN STOCK: ['50270379']
[STOCK] IN STOCK: 50270379
[19:52:14] [API_CYCLE] IN STOCK: ['50270379']
[PURCHASE] Checkout nav done (t+1.464s) landed=https://www.target.com/checkout/start
[STOCK] IN STOCK: 50270379
[19:52:15] [API_CYCLE] IN STOCK: ['50270379']
[STOCK] IN STOCK: 50270379
[19:52:16] [API_CYCLE] IN STOCK: ['50270379']
[STOCK] IN STOCK: 50270379
[19:52:16] [API_CYCLE] IN STOCK: ['50270379']
[STOCK] IN STOCK: 50270379
[19:52:17] [API_CYCLE] IN STOCK: ['50270379']
[STOCK] IN STOCK: 50270379
[19:52:18] [API_CYCLE] IN STOCK: ['50270379']
[STOCK] IN STOCK: 50270379
[19:52:19] [API_CYCLE] IN STOCK: ['50270379']
[STOCK] IN STOCK: 50270379
[19:52:20] [API_CYCLE] IN STOCK: ['50270379']
[STOCK] IN STOCK: 50270379
[19:52:21] [API_CYCLE] IN STOCK: ['50270379']
[STOCK] IN STOCK: 50270379
[19:52:21] [API_CYCLE] IN STOCK: ['50270379']
[STOCK] IN STOCK: 50270379
[19:52:22] [API_CYCLE] IN STOCK: ['50270379']
[STOCK] IN STOCK: 50270379
[19:52:22] [API_CYCLE] IN STOCK: ['50270379']
[STOCK] IN STOCK: 50270379
[19:52:23] [API_CYCLE] IN STOCK: ['50270379']
[STOCK] IN STOCK: 50270379
[19:52:24] [API_CYCLE] IN STOCK: ['50270379']
[STOCK] IN STOCK: 50270379
[19:52:25] [API_CYCLE] IN STOCK: ['50270379']
[DELIVERY] Checking for delivery option buttons...
[CHECKOUT_TRANSITION] ATC → Checkout → Payment phase starting (t=14.2s, co_state=none)
[PAYMENT] Starting checkout completion...
[PAYMENT] Waiting for checkout page to be ready...
[STOCK] IN STOCK: 50270379
[19:52:26] [API_CYCLE] IN STOCK: ['50270379']
[STOCK] IN STOCK: 50270379
[19:52:26] [API_CYCLE] IN STOCK: ['50270379']
[STOCK] IN STOCK: 50270379
[19:52:27] [API_CYCLE] IN STOCK: ['50270379']


============================================================
SHUTTING DOWN - Saving session and closing browser...
============================================================


============================================================
SHUTTING DOWN - Saving session and closing browser...
============================================================
[STOCK] IN STOCK: 50270379
[19:52:27] [API_CYCLE] IN STOCK: ['50270379']


============================================================
SHUTTING DOWN - Saving session and closing browser...
============================================================


============================================================
SHUTTING DOWN - Saving session and closing browser...
============================================================


============================================================
SHUTTING DOWN - Saving session and closing browser...
============================================================
[CLEANUP] taskkill /F /T /PID 38248 (fallback)
============================================================
Goodbye!
============================================================
