================================================================================
[PURCHASE_TRIGGER] Product IN STOCK: Extra Sugar-Free Polar Ice Mint Chewing Gum - 35ct (TCIN: 50270379)
[PURCHASE_LOG] Saving to: C:\Users\elric\Desktop\testScraper\logs\purchases\purchase_50270379_20260507_223904.log
================================================================================
[PURCHASE_MODE] ✅ [REAL] Using REAL browser automation for 50270379
[PURCHASE] Starting REAL purchase: Extra Sugar-Free Polar Ice Mint Chewing Gum - 35ct (TCIN: 50270379) - status: attempting
[REALTIME] 50270379 status changed to: attempting
[PURCHASE] Dashboard notified immediately: 50270379 -> attempting
[REAL_PURCHASE_THREAD] [INIT] Starting async purchase execution for 50270379
[DISPATCH] 50270379 → W1/primary
[SESSION] Purchase in progress - validation paused
[PURCHASE] CRITICAL RULE: 50270379 IN STOCK + ready -> attempting (60s)
[STATE_CARRY] WARNING: 8 stale cdp_continued_ids from prior purchase — cleared
[PURCHASE] cdp_continued_ids cleared for new purchase (50270379, qty=1)
[PURCHASE] Starting purchase for 50270379
[REALTIME] 50270379 status changed to: attempting
[INTERCEPTOR:main] cdp.fetch.enable() sent with pattern *carts.target.com* + checkout RESPONSE (attempt 1)
[INTERCEPTOR:main] Added cdp.fetch to enabled_domains
[INTERCEPTOR:main] CDP fetch interceptor ready (total RequestPaused handlers on tab: 1)
[SESSION_REUSE] Tab starting from: https://www.target.com/
[PURCHASE] Navigating to https://www.target.com/p/-/A-50270379 (PDP qty unknown)
[PURCHASE] Navigation returned in 0.50s
[PURCHASE] purchase_limit from PDP fallback: 10 (was qty=1, lookup 0.02s)
[SHAPE_RING] Consumed fresh capture (ts age=3.9s, 0 unused remaining of 1)
[PURCHASE] Injecting Shape headers (age=4s): ['Accept', 'Content-Type', 'Origin', 'User-Agent', 'X-GyJwza5Z-a', 'X-GyJwza5Z-b', 'X-GyJwza5Z-c', 'X-GyJwza5Z-d', 'X-GyJwza5Z-f', 'X-GyJwza5Z-z', 'sec-ch-ua', 'sec-ch-ua-mobile', 'sec-ch-ua-platform', 'x-application-name']
[PURCHASE] Firing ATC fetch qty=10 (t=0.52s)
[INTERCEPTOR:main] OPTIONS https://carts.target.com/web_checkouts/v1/cart_items?field_groups=CART,CART_ITEM — skipping cache (not POST, has 7 headers, 0 X-headers)
[INTERCEPTOR:main]   cache preserved: 15 headers, 6 Shape tokens, age=3.9s
[INTERCEPTOR:main]  POST https://carts.target.com/web_checkouts/v1/cart_items?field_groups=CART,CART_ITEM
[INTERCEPTOR:main] Captured 16 headers (Shape tokens: 6, prev cache had 6): ['Accept', 'Content-Type', 'Cookie', 'Origin', 'Referer', 'User-Agent', 'X-GyJwza5Z-a', 'X-GyJwza5Z-b', 'X-GyJwza5Z-c', 'X-GyJwza5Z-d', 'X-GyJwza5Z-f', 'X-GyJwza5Z-z', 'sec-ch-ua', 'sec-ch-ua-mobile', 'sec-ch-ua-platform', 'x-application-name']
[PURCHASE] ATC fetch status: 201 (t=0.99s)
[PURCHASE] Fetch ATC succeeded (201), skipping cart signal wait
[PURCHASE] Cart confirmed (t=1.0s)
[REALTIME] 50270379 status changed to: checking_out
[PURCHASE] pre_checkout fired (fire-and-forget) (t+0.099s)
[PURCHASE] API mode — skipping /checkout/start nav (t+0.099s)
[CHECKOUT_TRANSITION] ATC → Checkout → Payment phase starting (t=1.1s, co_state=place_order)
[PAYMENT] Starting checkout completion...
[PAYMENT] API mode — bypassing DOM checkout flow, calling _place_order directly
[PAYMENT] Phase 4b dispatch check: test_mode=True, api_path=True → API path
[PAYMENT] TEST_MODE compose-and-abort — attempting API place-order
[API_PLACE_ORDER] Injecting Shape headers (age=1s): ['Accept', 'Content-Type', 'Origin', 'User-Agent', 'X-GyJwza5Z-a', 'X-GyJwza5Z-b', 'X-GyJwza5Z-c', 'X-GyJwza5Z-d', 'X-GyJwza5Z-f', 'X-GyJwza5Z-z', 'sec-ch-ua', 'sec-ch-ua-mobile', 'sec-ch-ua-platform', 'x-application-name']
[API_PLACE_ORDER] [TEST_MODE] Compose-and-abort — would POST to https://carts.target.com/web_checkouts/v1/checkout?cart_type=REGULAR&field_groups=ADDRESSES%2CCART%2CCART_ITEMS%2CFINANCE_PROVIDERS%2CPAYMENT_INSTRUCTIONS%2CPICKUP_INSTRUCTIONS%2CPROMOTION_CODES%2CSUMMARY&key=e59ce3b531b2c39afb2e2b8a71ff10113aac2a14
[API_PLACE_ORDER] [TEST_MODE] Headers: ['Accept', 'Content-Type', 'Origin', 'User-Agent', 'X-GyJwza5Z-a', 'X-GyJwza5Z-b', 'X-GyJwza5Z-c', 'X-GyJwza5Z-d', 'X-GyJwza5Z-f', 'X-GyJwza5Z-z', 'sec-ch-ua', 'sec-ch-ua-mobile', 'sec-ch-ua-platform', 'x-application-name']
[API_PLACE_ORDER] [TEST_MODE] Body: {'cart_type': 'REGULAR', 'channel_id': '10'}
[API_PLACE_ORDER] [TEST_MODE] Synthetic success — fake order_id=TEST-NO-ORDER-1778211545
[PAYMENT] API place-order succeeded — order_id=TEST-NO-ORDER-1778211545
[INTERCEPTOR:main] OPTIONS https://carts.target.com/web_checkouts/v1/pre_checkout?cart_type=REGULAR&field_g — skipping cache (not POST, has 7 headers, 0 X-headers)
[INTERCEPTOR:main]   cache preserved: 16 headers, 7 Shape tokens, age=0.5s
[INTERCEPTOR:main] GET https://carts.target.com/web_checkouts/v1/cart?cart_type=REGULAR&field_groups=AD — skipping cache (not POST, has 9 headers, 1 X-headers)
[INTERCEPTOR:main]   cache preserved: 16 headers, 7 Shape tokens, age=0.5s
[INTERCEPTOR:main]  POST https://carts.target.com/web_checkouts/v1/pre_checkout?cart_type=REGULAR&field_g
[INTERCEPTOR:main] Captured 16 headers (Shape tokens: 6, prev cache had 6): ['Accept', 'Content-Type', 'Cookie', 'Origin', 'Referer', 'User-Agent', 'X-GyJwza5Z-a', 'X-GyJwza5Z-b', 'X-GyJwza5Z-c', 'X-GyJwza5Z-d', 'X-GyJwza5Z-f', 'X-GyJwza5Z-z', 'sec-ch-ua', 'sec-ch-ua-mobile', 'sec-ch-ua-platform', 'x-application-name']
[PURCHASE] Checkout complete (t=1.4s)
[INTERCEPTOR:main] GET https://carts.target.com/web_checkouts/v1/cart?cart_type=REGULAR&field_groups=CA — skipping cache (not POST, has 8 headers, 0 X-headers)
[INTERCEPTOR:main]   cache preserved: 16 headers, 7 Shape tokens, age=0.3s
[CLEAR_CART_API] deleting 1 cart item(s) via API
[INTERCEPTOR:main] OPTIONS https://carts.target.com/web_checkouts/v1/cart_items/76350141-4a8f-11f1-be46-7f3 — skipping cache (not POST, has 7 headers, 0 X-headers)
[INTERCEPTOR:main]   cache preserved: 16 headers, 7 Shape tokens, age=0.6s
[INTERCEPTOR:main] DELETE https://carts.target.com/web_checkouts/v1/cart_items/76350141-4a8f-11f1-be46-7f3 — skipping cache (not POST, has 16 headers, 7 X-headers)
[INTERCEPTOR:main]   cache preserved: 16 headers, 7 Shape tokens, age=0.6s
[INTERCEPTOR:main] GET https://carts.target.com/web_checkouts/v1/lite_carts?cart_type=REGULAR&key=e59ce — skipping cache (not POST, has 9 headers, 1 X-headers)
[INTERCEPTOR:main]   cache preserved: 16 headers, 7 Shape tokens, age=0.6s
[INTERCEPTOR:main] PUT https://carts.target.com/web_checkouts/v1/cart?cart_type=REGULAR&field_groups=AD — skipping cache (not POST, has 10 headers, 1 X-headers)
[INTERCEPTOR:main]   cache preserved: 16 headers, 7 Shape tokens, age=0.8s
[INTERCEPTOR:main] GET https://carts.target.com/web_checkouts/v1/cart_views?cart_type=SFL&field_groups= — skipping cache (not POST, has 9 headers, 1 X-headers)
[INTERCEPTOR:main]   cache preserved: 16 headers, 7 Shape tokens, age=1.1s
[CLEAR_CART_API] DELETE 76350141… OK (200)
[CLEAR_CART] API path cleared regular items, SFL bucket empty — short-circuit success
[PURCHASE] TEST_MODE: Cart cleared, cycle complete: 50270379 in 2.23s
[COOKIE_SAVE] Converted 4 session cookies to PERSISTENT
[SESSION] Saved sessionStorage (0 bytes)
[SESSION_SAVE] Session saved successfully to target.json
[PURCHASE] order_id from API response: TEST-NO-ORDER-1778211545
[REALTIME] 50270379 status changed to: purchased
[22:39:06] [PURCHASE] Purchase successful: 50270379 - Order: TEST-NO-ORDER-1778211545
[PURCHASE] CDP fetch interceptor disabled (cleanup) — all RequestPaused handlers removed
[REAL_PURCHASE_THREAD] [OK] Purchase execution completed: {'success': True, 'tcin': '50270379', 'reason': 'order_confirmed', 'execution_time': 2.233916997909546, 'order_id': 'TEST-NO-ORDER-1778211545', 'confirmation_url': 'https://www.target.com/checkout/confirmation?orderId=TEST-NO-ORDER-1778211545'}
[REAL_PURCHASE_THREAD] Marked thread as completing: 50270379
[PURCHASE]  REAL purchase completed: 50270379 — order_id=TEST-NO-ORDER-1778211545
[REALTIME] 50270379 status changed to: purchased
[22:39:06] [PURCHASE] Purchase successful: Extra Sugar-Free Polar Ice Mint Chewing Gum - 35ct - Order: TEST-NO-ORDER-1778211545
[REAL_PURCHASE_THREAD] ✅ State updated atomically, safe for next cycle
[SESSION] Purchase complete - validation resumed
[REAL_PURCHASE_THREAD] Removing 50270379 from active purchases
