================================================================================
[PURCHASE_TRIGGER] Product IN STOCK: Extra Sugar-Free Polar Ice Mint Chewing Gum - 35ct (TCIN: 50270379)
[PURCHASE_LOG] Saving to: C:\Users\elric\Desktop\testScraper\logs\purchases\purchase_50270379_20260506_191151.log
================================================================================
[PURCHASE_MODE] ✅ [REAL] Using REAL browser automation for 50270379
[PURCHASE] Starting REAL purchase: Extra Sugar-Free Polar Ice Mint Chewing Gum - 35ct (TCIN: 50270379) - status: attempting
[REALTIME] 50270379 status changed to: attempting
[PURCHASE] Dashboard notified immediately: 50270379 -> attempting
[REAL_PURCHASE_THREAD] [INIT] Starting async purchase execution for 50270379
[PURCHASE] CRITICAL RULE: 50270379 IN STOCK + ready -> attempting (60s)
[DISPATCH] 50270379 → W1/primary
[SESSION] Purchase in progress - validation paused
[STATE_CARRY] WARNING: 8 stale cdp_continued_ids from prior purchase — cleared
[PURCHASE] cdp_continued_ids cleared for new purchase (50270379, qty=1)
[PURCHASE] Starting purchase for 50270379
[REALTIME] 50270379 status changed to: attempting
[INTERCEPTOR:main] cdp.fetch.enable() sent with pattern *carts.target.com* + checkout RESPONSE (attempt 1)
[INTERCEPTOR:main] Added cdp.fetch to enabled_domains
[INTERCEPTOR:main] CDP fetch interceptor ready (total RequestPaused handlers on tab: 1)
[SESSION_REUSE] Tab starting from: https://www.target.com/checkout
[PURCHASE] Navigating to https://www.target.com/p/-/A-50270379
[STOCK] IN STOCK: 50270379
[19:11:51] [API_CYCLE] IN STOCK: ['50270379']
[INTERCEPTOR:main] GET https://carts.target.com/web_checkouts/v1/cart?cart_type=REGULAR&field_groups=AD — skipping cache (not POST, has 9 headers, 1 X-headers)
[INTERCEPTOR:main]   cache preserved: 16 headers, 7 Shape tokens, age=3.0s
[STOCK] IN STOCK: 50270379
[19:11:52] [API_CYCLE] IN STOCK: ['50270379']
[PURCHASE] Navigation returned in 2.05s
[PURCHASE] purchase_limit from PDP fallback: 10 (was qty=1, lookup 0.14s)
[PURCHASE] Injecting Shape headers (age=4s): ['Accept', 'Content-Type', 'Origin', 'User-Agent', 'X-GyJwza5Z-a', 'X-GyJwza5Z-b', 'X-GyJwza5Z-c', 'X-GyJwza5Z-d', 'X-GyJwza5Z-f', 'X-GyJwza5Z-z', 'sec-ch-ua', 'sec-ch-ua-mobile', 'sec-ch-ua-platform', 'x-application-name']
[PURCHASE] Firing ATC fetch qty=10 (t=2.20s)
[INTERCEPTOR:main]  POST https://carts.target.com/web_checkouts/v1/cart_items?field_groups=CART,CART_ITEM
[INTERCEPTOR:main] Captured 16 headers (Shape X-headers: 7, prev cache had 7): ['Accept', 'Content-Type', 'Cookie', 'Origin', 'Referer', 'User-Agent', 'X-GyJwza5Z-a', 'X-GyJwza5Z-b', 'X-GyJwza5Z-c', 'X-GyJwza5Z-d', 'X-GyJwza5Z-f', 'X-GyJwza5Z-z', 'sec-ch-ua', 'sec-ch-ua-mobile', 'sec-ch-ua-platform', 'x-application-name']
[STOCK] IN STOCK: 50270379
[19:11:53] [API_CYCLE] IN STOCK: ['50270379']
[PURCHASE] ATC fetch status: 201 (t=2.81s)
[PURCHASE] Fetch ATC succeeded (201), skipping cart signal wait
[PURCHASE] Cart confirmed (t=2.8s)
[INTERCEPTOR:main] GET https://carts.target.com/web_checkouts/v1/cart?cart_type=REGULAR&field_groups=CA — skipping cache (not POST, has 8 headers, 0 X-headers)
[INTERCEPTOR:main]   cache preserved: 16 headers, 7 Shape tokens, age=0.5s
[CART_STATE] 1 item(s) in cart before checkout: ['50270379x10']
[REALTIME] 50270379 status changed to: checking_out
[PURCHASE] pre_checkout fired (fire-and-forget) (t+0.003s)
[INTERCEPTOR:main]  POST https://carts.target.com/web_checkouts/v1/pre_checkout?cart_type=REGULAR&field_g
[INTERCEPTOR:main] Captured 16 headers (Shape X-headers: 7, prev cache had 7): ['Accept', 'Content-Type', 'Cookie', 'Origin', 'Referer', 'User-Agent', 'X-GyJwza5Z-a', 'X-GyJwza5Z-b', 'X-GyJwza5Z-c', 'X-GyJwza5Z-d', 'X-GyJwza5Z-f', 'X-GyJwza5Z-z', 'sec-ch-ua', 'sec-ch-ua-mobile', 'sec-ch-ua-platform', 'x-application-name']
[STOCK] IN STOCK: 50270379
[19:11:55] [API_CYCLE] IN STOCK: ['50270379']
[INTERCEPTOR:main]  POST https://carts.target.com/web_checkouts/v1/pre_checkout?cart_type=REGULAR&field_g
[INTERCEPTOR:main] Captured 10 headers (Shape X-headers: 1, prev cache had 7): ['Accept', 'Content-Type', 'Cookie', 'Origin', 'Referer', 'User-Agent', 'sec-ch-ua', 'sec-ch-ua-mobile', 'sec-ch-ua-platform', 'x-application-name']
[STOCK] IN STOCK: 50270379
[19:11:55] [API_CYCLE] IN STOCK: ['50270379']

[SYSTEM] Shutting down gracefully...
[19:11:55] [SYSTEM] Application shutting down
[SYSTEM] Marked 1 in-progress purchase(s) as interrupted: ['50270379']
[INTERCEPTOR:main] GET https://carts.target.com/digital_checkouts/v1/cart_fulfillments/consolidations?k — skipping cache (not POST, has 9 headers, 1 X-headers)
[INTERCEPTOR:main]   cache preserved: 10 headers, 1 Shape tokens, age=0.8s

[SYSTEM] Shutting down gracefully...
[19:11:56] [SYSTEM] Application shutting down
[STOCK] IN STOCK: 50270379
[19:11:56] [API_CYCLE] IN STOCK: ['50270379']
[PURCHASE_CONCURRENCY] Background thread still active: 50270379 (running 5.1s, status: executing)
[PURCHASE_ERROR] 50270379 is IN STOCK but still has completed status 'interrupted' - reset failed!
[PURCHASE_EMERGENCY] Emergency reset 50270379 to ready and will retry purchase next cycle
[STOCK] IN STOCK: 50270379
[19:11:57] [API_CYCLE] IN STOCK: ['50270379']
[PURCHASE_CONCURRENCY] Background thread still active: 50270379 (running 5.9s, status: executing)
[PURCHASE_CONCURRENCY] Skipping 50270379 - purchase already active for 50270379
[PURCHASE] Checkout nav done (t+2.503s) landed=https://www.target.com/checkout
[PURCHASE] Checkout page ready (place_order) in 0.00s
[DELIVERY] Already in review state — skipping
[CHECKOUT_TRANSITION] ATC → Checkout → Payment phase starting (t=5.9s, co_state=place_order)
[PAYMENT] Starting checkout completion...
[PAYMENT] Page already confirmed ready (place_order) — skipping wait (t+0.000s)
[PAYMENT] FLOW A: Place Order already enabled — no S&C needed
[PAYMENT] Phase 4b dispatch check: test_mode=False, TARGET_API_PLACE_ORDER=True → API path
[PAYMENT] TARGET_API_PLACE_ORDER=true — attempting API place-order
[API_PLACE_ORDER] OBSERVE flag set — order WILL be placed for real; full response body will be logged to logs/api_capture.log
[API_PLACE_ORDER] Injecting Shape headers (age=2s): ['Accept', 'Content-Type', 'Origin', 'User-Agent', 'sec-ch-ua', 'sec-ch-ua-mobile', 'sec-ch-ua-platform', 'x-application-name']
[API_PLACE_ORDER] Firing checkout POST
[INTERCEPTOR:main] [CHECKOUT_POST] POST https://carts.target.com/web_checkouts/v1/checkout?cart_type=REGULAR&field_group
[INTERCEPTOR:main] Captured 16 headers (Shape X-headers: 7, prev cache had 1): ['Accept', 'Content-Type', 'Cookie', 'Origin', 'Referer', 'User-Agent', 'X-GyJwza5Z-a', 'X-GyJwza5Z-b', 'X-GyJwza5Z-c', 'X-GyJwza5Z-d', 'X-GyJwza5Z-f', 'X-GyJwza5Z-z', 'sec-ch-ua', 'sec-ch-ua-mobile', 'sec-ch-ua-platform', 'x-application-name']
[INTERCEPTOR:main] [RESPONSE] POST https://carts.target.com/web_checkouts/v1/checkout?cart_type=REGULAR&field_group → HTTP 200 (shape-pass=?)
[INTERCEPTOR:main] [CHECKOUT_RESPONSE] HTTP 200 — SUCCESS
[API_PLACE_ORDER] HTTP 200 in 0.89s (8700 body chars)
[API_PLACE_ORDER] OBSERVE: response logged to logs/api_capture.log
[API_PLACE_ORDER] Order placed — order_id=57929180-49a9-11f1-9eda-cf80d95784cd reference_id=102003451751983 (t=0.89s)
[PAYMENT] API place-order succeeded — order_id=57929180-49a9-11f1-9eda-cf80d95784cd
[PURCHASE] Checkout complete (t=6.8s)
[PURCHASE] PROD_MODE: Order complete: 50270379 in 6.77s
[PURCHASE] PROD_MODE: Staying on confirmation (next attempt will navigate to product)
[COOKIE_SAVE] Auth cookie 'accessToken' -> PERSISTENT (30 days)
[COOKIE_SAVE] Auth cookie 'idToken' -> PERSISTENT (30 days)
[COOKIE_SAVE] Converted 11 session cookies to PERSISTENT
[SESSION] Saved sessionStorage (0 bytes)
[SESSION_SAVE] Session saved successfully to target.json
[PURCHASE] order_id from API response: 57929180-49a9-11f1-9eda-cf80d95784cd
[REALTIME] 50270379 status changed to: purchased
[19:11:58] [PURCHASE] Purchase successful: 50270379 - Order: 57929180-49a9-11f1-9eda-cf80d95784cd
[PURCHASE] CDP fetch interceptor disabled (cleanup) — all RequestPaused handlers removed
[REAL_PURCHASE_THREAD] [OK] Purchase execution completed: {'success': True, 'tcin': '50270379', 'reason': 'order_confirmed', 'execution_time': 6.767657041549683, 'order_id': '57929180-49a9-11f1-9eda-cf80d95784cd', 'confirmation_url': 'https://www.target.com/checkout/confirmation?orderId=57929180-49a9-11f1-9eda-cf80d95784cd'}
[REAL_PURCHASE_THREAD] Marked thread as completing: 50270379
[PURCHASE] Warning: 50270379 state is 'ready' (not 'attempting') — purchase thread finished late. Still applying result.
[PURCHASE]  REAL purchase completed: 50270379 — order_id=57929180-49a9-11f1-9eda-cf80d95784cd
[REALTIME] 50270379 status changed to: purchased
[19:11:58] [PURCHASE] Purchase successful: 50270379 - Order: 57929180-49a9-11f1-9eda-cf80d95784cd
[REAL_PURCHASE_THREAD] ✅ State updated atomically, safe for next cycle
[SESSION] Purchase complete - validation resumed
[REAL_PURCHASE_THREAD] Removing 50270379 from active purchases
